Component: ARM Compiler 5.06 update 6 (build 750) Tool: armlink [4d35ed]

==============================================================================

Section Cross References

    main.o(i.SystemClock_Config) refers to memseta.o(.text) for __aeabi_memclr4
    main.o(i.SystemClock_Config) refers to stm32f1xx_hal_rcc.o(i.HAL_RCC_OscConfig) for HAL_RCC_OscConfig
    main.o(i.SystemClock_Config) refers to stm32f1xx_hal_rcc.o(i.HAL_RCC_ClockConfig) for HAL_RCC_ClockConfig
    main.o(i.main) refers to stm32f1xx_hal.o(i.HAL_Init) for HAL_Init
    main.o(i.main) refers to main.o(i.SystemClock_Config) for SystemClock_Config
    main.o(i.main) refers to gpio.o(i.MX_GPIO_Init) for MX_GPIO_Init
    main.o(i.main) refers to spi.o(i.MX_SPI1_Init) for MX_SPI1_Init
    main.o(i.main) refers to usart.o(i.MX_USART2_UART_Init) for MX_USART2_UART_Init
    main.o(i.main) refers to stm32f1xx_hal_uart.o(i.HAL_UART_Receive_IT) for HAL_UART_Receive_IT
    main.o(i.main) refers to stm32f1xx_hal_gpio.o(i.HAL_GPIO_WritePin) for HAL_GPIO_WritePin
    main.o(i.main) refers to printf8.o(i.__0printf$8) for __2printf
    main.o(i.main) refers to maincontroller.o(i.MainControllerSetMode) for MainControllerSetMode
    main.o(i.main) refers to maincontroller.o(i.MainControllerLoop) for MainControllerLoop
    main.o(i.main) refers to stm32f1xx_hal.o(i.HAL_Delay) for HAL_Delay
    main.o(i.main) refers to stm32f1xx_hal_gpio.o(i.HAL_GPIO_TogglePin) for HAL_GPIO_TogglePin
    main.o(i.main) refers to main.o(.data) for .data
    main.o(i.main) refers to usart.o(.bss) for huart2
    gpio.o(i.MX_GPIO_Init) refers to stm32f1xx_hal_gpio.o(i.HAL_GPIO_WritePin) for HAL_GPIO_WritePin
    gpio.o(i.MX_GPIO_Init) refers to stm32f1xx_hal_gpio.o(i.HAL_GPIO_Init) for HAL_GPIO_Init
    spi.o(i.HAL_SPI_MspDeInit) refers to stm32f1xx_hal_gpio.o(i.HAL_GPIO_DeInit) for HAL_GPIO_DeInit
    spi.o(i.HAL_SPI_MspInit) refers to stm32f1xx_hal_gpio.o(i.HAL_GPIO_Init) for HAL_GPIO_Init
    spi.o(i.MX_SPI1_Init) refers to stm32f1xx_hal_spi_ex.o(i.HAL_SPI_Init) for HAL_SPI_Init
    spi.o(i.MX_SPI1_Init) refers to main.o(i.Error_Handler) for Error_Handler
    spi.o(i.MX_SPI1_Init) refers to spi.o(.bss) for .bss
    usart.o(i.HAL_UART_MspDeInit) refers to stm32f1xx_hal_gpio.o(i.HAL_GPIO_DeInit) for HAL_GPIO_DeInit
    usart.o(i.HAL_UART_MspDeInit) refers to stm32f1xx_hal_cortex.o(i.HAL_NVIC_DisableIRQ) for HAL_NVIC_DisableIRQ
    usart.o(i.HAL_UART_MspInit) refers to stm32f1xx_hal_gpio.o(i.HAL_GPIO_Init) for HAL_GPIO_Init
    usart.o(i.HAL_UART_MspInit) refers to stm32f1xx_hal_cortex.o(i.HAL_NVIC_SetPriority) for HAL_NVIC_SetPriority
    usart.o(i.HAL_UART_MspInit) refers to stm32f1xx_hal_cortex.o(i.HAL_NVIC_EnableIRQ) for HAL_NVIC_EnableIRQ
    usart.o(i.MX_USART2_UART_Init) refers to stm32f1xx_hal_uart.o(i.HAL_UART_Init) for HAL_UART_Init
    usart.o(i.MX_USART2_UART_Init) refers to main.o(i.Error_Handler) for Error_Handler
    usart.o(i.MX_USART2_UART_Init) refers to usart.o(.bss) for .bss
    usart.o(i.fputc) refers to stm32f1xx_hal_uart.o(i.HAL_UART_Transmit) for HAL_UART_Transmit
    usart.o(i.fputc) refers to usart.o(.bss) for .bss
    stm32f1xx_it.o(i.SysTick_Handler) refers to stm32f1xx_hal.o(i.HAL_IncTick) for HAL_IncTick
    stm32f1xx_it.o(i.USART2_IRQHandler) refers to stm32f1xx_hal_uart.o(i.HAL_UART_IRQHandler) for HAL_UART_IRQHandler
    stm32f1xx_it.o(i.USART2_IRQHandler) refers to usart.o(.bss) for huart2
    startup_stm32f103xb.o(RESET) refers to startup_stm32f103xb.o(STACK) for __initial_sp
    startup_stm32f103xb.o(RESET) refers to startup_stm32f103xb.o(.text) for Reset_Handler
    startup_stm32f103xb.o(RESET) refers to stm32f1xx_it.o(i.NMI_Handler) for NMI_Handler
    startup_stm32f103xb.o(RESET) refers to stm32f1xx_it.o(i.HardFault_Handler) for HardFault_Handler
    startup_stm32f103xb.o(RESET) refers to stm32f1xx_it.o(i.MemManage_Handler) for MemManage_Handler
    startup_stm32f103xb.o(RESET) refers to stm32f1xx_it.o(i.BusFault_Handler) for BusFault_Handler
    startup_stm32f103xb.o(RESET) refers to stm32f1xx_it.o(i.UsageFault_Handler) for UsageFault_Handler
    startup_stm32f103xb.o(RESET) refers to stm32f1xx_it.o(i.SVC_Handler) for SVC_Handler
    startup_stm32f103xb.o(RESET) refers to stm32f1xx_it.o(i.DebugMon_Handler) for DebugMon_Handler
    startup_stm32f103xb.o(RESET) refers to stm32f1xx_it.o(i.PendSV_Handler) for PendSV_Handler
    startup_stm32f103xb.o(RESET) refers to stm32f1xx_it.o(i.SysTick_Handler) for SysTick_Handler
    startup_stm32f103xb.o(RESET) refers to stm32f1xx_it.o(i.USART2_IRQHandler) for USART2_IRQHandler
    startup_stm32f103xb.o(.text) refers to system_stm32f1xx.o(i.SystemInit) for SystemInit
    startup_stm32f103xb.o(.text) refers to entry.o(.ARM.Collect$$$$00000000) for __main
    system_stm32f1xx.o(i.SystemCoreClockUpdate) refers to system_stm32f1xx.o(.data) for .data
    system_stm32f1xx.o(i.SystemCoreClockUpdate) refers to system_stm32f1xx.o(.constdata) for .constdata
[...]

Image Symbol Table

    Local Symbols

    Symbol Name                              Value     Ov Type        Size  Object(Section)

    ../Src/gpio.c                            0x00000000   Number         0  gpio.o ABSOLUTE
    ../Src/main.c                            0x00000000   Number         0  main.o ABSOLUTE
    ../Src/spi.c                             0x00000000   Number         0  spi.o ABSOLUTE
    ../Src/stm32f1xx_hal_msp.c               0x00000000   Number         0  stm32f1xx_hal_msp.o ABSOLUTE
    ../Src/stm32f1xx_it.c                    0x00000000   Number         0  stm32f1xx_it.o ABSOLUTE
    ../Src/system_stm32f1xx.c                0x00000000   Number         0  system_stm32f1xx.o ABSOLUTE
    ../Src/usart.c                           0x00000000   Number         0  usart.o ABSOLUTE
    ../clib/microlib/ctype/ctype.c           0x00000000   Number         0  isalnum_o.o ABSOLUTE
    ../clib/microlib/ctype/ctype.c           0x00000000   Number         0  iscntrl_o.o ABSOLUTE
    ../clib/microlib/ctype/ctype.c           0x00000000   Number         0  ctype_o.o ABSOLUTE
    ../clib/microlib/ctype/ctype.c           0x00000000   Number         0  isblank_o.o ABSOLUTE
    ../clib/microlib/ctype/ctype.c           0x00000000   Number         0  isdigit_o.o ABSOLUTE
    ../clib/microlib/ctype/ctype.c           0x00000000   Number         0  isalpha_o.o ABSOLUTE
    ../clib/microlib/ctype/ctype.c           0x00000000   Number         0  isgraph_o.o ABSOLUTE
    ../clib/microlib/ctype/ctype.c           0x00000000   Number         0  islower_o.o ABSOLUTE
    ../clib/microlib/ctype/ctype.c           0x00000000   Number         0  isprint_o.o ABSOLUTE
    ../clib/microlib/ctype/ctype.c           0x00000000   Number         0  ispunct_o.o ABSOLUTE
    ../clib/microlib/ctype/ctype.c           0x00000000   Number         0  isspace_o.o ABSOLUTE
    ../clib/microlib/ctype/ctype.c           0x00000000   Number         0  isupper_o.o ABSOLUTE
    ../clib/microlib/ctype/ctype.c           0x00000000   Number         0  isxdigit_o.o ABSOLUTE
    ../clib/microlib/division.c              0x00000000   Number         0  uidiv.o ABSOLUTE
    ../clib/microlib/division.c              0x00000000   Number         0  uldiv.o ABSOLUTE
    ../clib/microlib/errno.c                 0x00000000   Number         0  errno.o ABSOLUTE
    ../clib/microlib/init/entry.s            0x00000000   Number         0  entry9a.o ABSOLUTE
    ../clib/microlib/init/entry.s            0x00000000   Number         0  entry9b.o ABSOLUTE
    ../clib/microlib/init/entry.s            0x00000000   Number         0  entry10a.o ABSOLUTE
    ../clib/microlib/init/entry.s            0x00000000   Number         0  entry10b.o ABSOLUTE
    ../clib/microlib/init/entry.s            0x00000000   Number         0  entry11b.o ABSOLUTE
    ../clib/microlib/init/entry.s            0x00000000   Number         0  entry.o ABSOLUTE
    ../clib/microlib/init/entry.s            0x00000000   Number         0  entry11a.o ABSOLUTE
    ../clib/microlib/init/entry.s            0x00000000   Number         0  entry7b.o ABSOLUTE
    ../clib/microlib/init/entry.s            0x00000000   Number         0  entry2.o ABSOLUTE
    ../clib/microlib/init/entry.s            0x00000000   Number         0  entry5.o ABSOLUTE
    ../clib/microlib/init/entry.s            0x00000000   Number         0  entry7a.o ABSOLUTE
    ../clib/microlib/init/entry.s            0x00000000   Number         0  entry8a.o ABSOLUTE
    ../clib/microlib/init/entry.s            0x00000000   Number         0  entry8b.o ABSOLUTE
    ../clib/microlib/longlong.c              0x00000000   Number         0  llsshr.o ABSOLUTE
    ../clib/microlib/longlong.c              0x00000000   Number         0  llushr.o ABSOLUTE
    ../clib/microlib/longlong.c              0x00000000   Number         0  llshl.o ABSOLUTE
    ../clib/microlib/printf/printf.c         0x00000000   Number         0  printf3.o ABSOLUTE
    ../clib/microlib/printf/printf.c         0x00000000   Number         0  printf1.o ABSOLUTE
    ../clib/microlib/printf/printf.c         0x00000000   Number         0  printf2.o ABSOLUTE
    ../clib/microlib/printf/printf.c         0x00000000   Number         0  printfb.o ABSOLUTE
    ../clib/microlib/printf/printf.c         0x00000000   Number         0  printf4.o ABSOLUTE
    ../clib/microlib/printf/printf.c         0x00000000   Number         0  printf5.o ABSOLUTE
    ../clib/microlib/printf/printf.c         0x00000000   Number         0  printf6.o ABSOLUTE
    ../clib/microlib/printf/printf.c         0x00000000   Number         0  printf8.o ABSOLUTE
    ../clib/microlib/printf/printf.c         0x00000000   Number         0  printfa.o ABSOLUTE
    ../clib/microlib/printf/printf.c         0x00000000   Number         0  printf7.o ABSOLUTE
    ../clib/microlib/printf/printf.c         0x00000000   Number         0  printf0.o ABSOLUTE
    ../clib/microlib/printf/stubs.s          0x00000000   Number         0  stubs.o ABSOLUTE
    ../clib/microlib/stdio/streams.c         0x00000000   Number         0  stdout.o ABSOLUTE
    ../clib/microlib/string/memcpy.c         0x00000000   Number         0  memcpya.o ABSOLUTE
    ../clib/microlib/string/memcpy.c         0x00000000   Number         0  memcpyb.o ABSOLUTE
    ../clib/microlib/string/memset.c         0x00000000   Number         0  memseta.o ABSOLUTE
    ../clib/microlib/string/strcmp.c         0x00000000   Number         0  strcmp.o ABSOLUTE
    ../clib/microlib/string/strcpy.c         0x00000000   Number         0  strcpy.o ABSOLUTE
    ../clib/microlib/string/strlen.c         0x00000000   Number         0  strlen.o ABSOLUTE
    ../clib/microlib/string/strncmp.c        0x00000000   Number         0  strncmp.o ABSOLUTE
    ../clib/microlib/stubs.s                 0x00000000   Number         0  iusefp.o ABSOLUTE
    ../clib/scanf.c                          0x00000000   Number         0  atoi.o ABSOLUTE
    ../clib/scanf.c                          0x00000000   Number         0  strtol.o ABSOLUTE
    ../clib/scanf.c                          0x00000000   Number         0  _chval.o ABSOLUTE
    ../clib/scanf.c                          0x00000000   Number         0  _strtoul.o ABSOLUTE
    ../fplib/microlib/fpadd.c                0x00000000   Number         0  dadd.o ABSOLUTE
    ../fplib/microlib/fpdiv.c                0x00000000   Number         0  ddiv.o ABSOLUTE
    ../fplib/microlib/fpepilogue.c           0x00000000   Number         0  depilogue.o ABSOLUTE
    ../fplib/microlib/fpfix.c                0x00000000   Number         0  dfixul.o ABSOLUTE
    ../fplib/microlib/fpmul.c                0x00000000   Number         0  dmul.o ABSOLUTE
    ..\Src\gpio.c                            0x00000000   Number         0  gpio.o ABSOLUTE
    ..\Src\main.c                            0x00000000   Number         0  main.o ABSOLUTE
    ..\Src\spi.c                             0x00000000   Number         0  spi.o ABSOLUTE
    ..\Src\stm32f1xx_hal_msp.c               0x00000000   Number         0  stm32f1xx_hal_msp.o ABSOLUTE
    ..\Src\stm32f1xx_it.c                    0x00000000   Number         0  stm32f1xx_it.o ABSOLUTE
    ..\Src\system_stm32f1xx.c                0x00000000   Number         0  system_stm32f1xx.o ABSOLUTE
    ..\Src\usart.c                           0x00000000   Number         0  usart.o ABSOLUTE
    ..\\user\\Src\\AT86RF212B.c              0x00000000   Number         0  at86rf212b.o ABSOLUTE
    ..\\user\\Src\\AT86RF212B_HAL.c          0x00000000   Number         0  at86rf212b_hal.o ABSOLUTE
    ..\\user\\Src\\ErrorsAndLogging.c        0x00000000   Number         0  errorsandlogging.o ABSOLUTE
    ..\\user\\Src\\RawMode.c                 0x00000000   Number         0  rawmode.o ABSOLUTE
    ..\\user\\Src\\Terminal.c                0x00000000   Number         0  terminal.o ABSOLUTE
    ..\user\Src\AT86RF212B.c                 0x00000000   Number         0  at86rf212b.o ABSOLUTE
    ..\user\Src\AT86RF212B_HAL.c             0x00000000   Number         0  at86rf212b_hal.o ABSOLUTE
    ..\user\Src\Buffer.c                     0x00000000   Number         0  buffer.o ABSOLUTE
    ..\user\Src\ErrorsAndLogging.c           0x00000000   Number         0  errorsandlogging.o ABSOLUTE
    ..\user\Src\MainController.c             0x00000000   Number         0  maincontroller.o ABSOLUTE
    ..\user\Src\RawMode.c                    0x00000000   Number         0  rawmode.o ABSOLUTE
    ..\user\Src\Terminal.c                   0x00000000   Number         0  terminal.o ABSOLUTE
    C:/Users/HONG/STM32Cube/Repository/STM32Cube_FW_F1_V1.7.0/Drivers/STM32F1xx_HAL_Driver/Src/stm32f1xx_hal.c 0x00000000   Number         0  stm32f1xx_hal.o ABSOLUTE
    C:/Users/HONG/STM32Cube/Repository/STM32Cube_FW_F1_V1.7.0/Drivers/STM32F1xx_HAL_Driver/Src/stm32f1xx_hal_cortex.c 0x00000000   Number         0  stm32f1xx_hal_cortex.o ABSOLUTE
    C:/Users/HONG/STM32Cube/Repository/STM32Cube_FW_F1_V1.7.0/Drivers/STM32F1xx_HAL_Driver/Src/stm32f1xx_hal_dma.c 0x00000000   Number         0  stm32f1xx_hal_dma.o ABSOLUTE
    C:/Users/HONG/STM32Cube/Repository/STM32Cube_FW_F1_V1.7.0/Drivers/STM32F1xx_HAL_Driver/Src/stm32f1xx_hal_flash.c 0x00000000   Number         0  stm32f1xx_hal_flash.o ABSOLUTE
    C:/Users/HONG/STM32Cube/Repository/STM32Cube_FW_F1_V1.7.0/Drivers/STM32F1xx_HAL_Driver/Src/stm32f1xx_hal_flash_ex.c 0x00000000   Number         0  stm32f1xx_hal_flash_ex.o ABSOLUTE
    C:/Users/HONG/STM32Cube/Repository/STM32Cube_FW_F1_V1.7.0/Drivers/STM32F1xx_HAL_Driver/Src/stm32f1xx_hal_gpio.c 0x00000000   Number         0  stm32f1xx_hal_gpio.o ABSOLUTE
    C:/Users/HONG/STM32Cube/Repository/STM32Cube_FW_F1_V1.7.0/Drivers/STM32F1xx_HAL_Driver/Src/stm32f1xx_hal_gpio_ex.c 0x00000000   Number         0  stm32f1xx_hal_gpio_ex.o ABSOLUTE
    C:/Users/HONG/STM32Cube/Repository/STM32Cube_FW_F1_V1.7.0/Drivers/STM32F1xx_HAL_Driver/Src/stm32f1xx_hal_pwr.c 0x00000000   Number         0  stm32f1xx_hal_pwr.o ABSOLUTE
    C:/Users/HONG/STM32Cube/Repository/STM32Cube_FW_F1_V1.7.0/Drivers/STM32F1xx_HAL_Driver/Src/stm32f1xx_hal_rcc.c 0x00000000   Number         0  stm32f1xx_hal_rcc.o ABSOLUTE
    C:/Users/HONG/STM32Cube/Repository/STM32Cube_FW_F1_V1.7.0/Drivers/STM32F1xx_HAL_Driver/Src/stm32f1xx_hal_rcc_ex.c 0x00000000   Number         0  stm32f1xx_hal_rcc_ex.o ABSOLUTE
    C:/Users/HONG/STM32Cube/Repository/STM32Cube_FW_F1_V1.7.0/Drivers/STM32F1xx_HAL_Driver/Src/stm32f1xx_hal_spi.c 0x00000000   Number         0  stm32f1xx_hal_spi.o ABSOLUTE
    C:/Users/HONG/STM32Cube/Repository/STM32Cube_FW_F1_V1.7.0/Drivers/STM32F1xx_HAL_Driver/Src/stm32f1xx_hal_spi_ex.c 0x00000000   Number         0  stm32f1xx_hal_spi_ex.o ABSOLUTE
    C:/Users/HONG/STM32Cube/Repository/STM32Cube_FW_F1_V1.7.0/Drivers/STM32F1xx_HAL_Driver/Src/stm32f1xx_hal_tim.c 0x00000000   Number         0  stm32f1xx_hal_tim.o ABSOLUTE
    C:/Users/HONG/STM32Cube/Repository/STM32Cube_FW_F1_V1.7.0/Drivers/STM32F1xx_HAL_Driver/Src/stm32f1xx_hal_tim_ex.c 0x00000000   Number         0  stm32f1xx_hal_tim_ex.o ABSOLUTE
    C:/Users/HONG/STM32Cube/Repository/STM32Cube_FW_F1_V1.7.0/Drivers/STM32F1xx_HAL_Driver/Src/stm32f1xx_hal_uart.c 0x00000000   Number         0  stm32f1xx_hal_uart.o ABSOLUTE
    C:\Users\HONG\STM32Cube\Repository\STM32Cube_FW_F1_V1.7.0\Drivers\STM32F1xx_HAL_Driver\Src\stm32f1xx_hal.c 0x00000000   Number         0  stm32f1xx_hal.o ABSOLUTE
    C:\Users\HONG\STM32Cube\Repository\STM32Cube_FW_F1_V1.7.0\Drivers\STM32F1xx_HAL_Driver\Src\stm32f1xx_hal_cortex.c 0x00000000   Number         0  stm32f1xx_hal_cortex.o ABSOLUTE
    C:\Users\HONG\STM32Cube\Repository\STM32Cube_FW_F1_V1.7.0\Drivers\STM32F1xx_HAL_Driver\Src\stm32f1xx_hal_dma.c 0x00000000   Number         0  stm32f1xx_hal_dma.o ABSOLUTE
    C:\Users\HONG\STM32Cube\Repository\STM32Cube_FW_F1_V1.7.0\Drivers\STM32F1xx_HAL_Driver\Src\stm32f1xx_hal_flash.c 0x00000000   Number         0  stm32f1xx_hal_flash.o ABSOLUTE
    C:\Users\HONG\STM32Cube\Repository\STM32Cube_FW_F1_V1.7.0\Drivers\STM32F1xx_HAL_Driver\Src\stm32f1xx_hal_flash_ex.c 0x00000000   Number         0  stm32f1xx_hal_flash_ex.o ABSOLUTE
    C:\Users\HONG\STM32Cube\Repository\STM32Cube_FW_F1_V1.7.0\Drivers\STM32F1xx_HAL_Driver\Src\stm32f1xx_hal_gpio.c 0x00000000   Number         0  stm32f1xx_hal_gpio.o ABSOLUTE
    C:\Users\HONG\STM32Cube\Repository\STM32Cube_FW_F1_V1.7.0\Drivers\STM32F1xx_HAL_Driver\Src\stm32f1xx_hal_gpio_ex.c 0x00000000   Number         0  stm32f1xx_hal_gpio_ex.o ABSOLUTE
    C:\Users\HONG\STM32Cube\Repository\STM32Cube_FW_F1_V1.7.0\Drivers\STM32F1xx_HAL_Driver\Src\stm32f1xx_hal_pwr.c 0x00000000   Number         0  stm32f1xx_hal_pwr.o ABSOLUTE
    C:\Users\HONG\STM32Cube\Repository\STM32Cube_FW_F1_V1.7.0\Drivers\STM32F1xx_HAL_Driver\Src\stm32f1xx_hal_rcc.c 0x00000000   Number         0  stm32f1xx_hal_rcc.o ABSOLUTE
    C:\Users\HONG\STM32Cube\Repository\STM32Cube_FW_F1_V1.7.0\Drivers\STM32F1xx_HAL_Driver\Src\stm32f1xx_hal_rcc_ex.c 0x00000000   Number         0  stm32f1xx_hal_rcc_ex.o ABSOLUTE
    C:\Users\HONG\STM32Cube\Repository\STM32Cube_FW_F1_V1.7.0\Drivers\STM32F1xx_HAL_Driver\Src\stm32f1xx_hal_spi.c 0x00000000   Number         0  stm32f1xx_hal_spi.o ABSOLUTE
    C:\Users\HONG\STM32Cube\Repository\STM32Cube_FW_F1_V1.7.0\Drivers\STM32F1xx_HAL_Driver\Src\stm32f1xx_hal_spi_ex.c 0x00000000   Number         0  stm32f1xx_hal_spi_ex.o ABSOLUTE
    C:\Users\HONG\STM32Cube\Repository\STM32Cube_FW_F1_V1.7.0\Drivers\STM32F1xx_HAL_Driver\Src\stm32f1xx_hal_tim.c 0x00000000   Number         0  stm32f1xx_hal_tim.o ABSOLUTE
    C:\Users\HONG\STM32Cube\Repository\STM32Cube_FW_F1_V1.7.0\Drivers\STM32F1xx_HAL_Driver\Src\stm32f1xx_hal_tim_ex.c 0x00000000   Number         0  stm32f1xx_hal_tim_ex.o ABSOLUTE
    C:\Users\HONG\STM32Cube\Repository\STM32Cube_FW_F1_V1.7.0\Drivers\STM32F1xx_HAL_Driver\Src\stm32f1xx_hal_uart.c 0x00000000   Number         0  stm32f1xx_hal_uart.o ABSOLUTE
    cdrcmple.s                               0x00000000   Number         0  cdrcmple.o ABSOLUTE
    dc.s                                     0x00000000   Number         0  dc.o ABSOLUTE
    handlers.s                               0x00000000   Number         0  handlers.o ABSOLUTE
    init.s                                   0x00000000   Number         0  init.o ABSOLUTE
    startup_stm32f103xb.s                    0x00000000   Number         0  startup_stm32f103xb.o ABSOLUTE
    RESET                                    0x08000000   Section      236  startup_stm32f103xb.o(RESET)
    .ARM.Collect$$$$00000000                 0x080000ec   Section        0  entry.o(.ARM.Collect$$$$00000000)
    .ARM.Collect$$$$00000001                 0x080000ec   Section        4  entry2.o(.ARM.Collect$$$$00000001)
    .ARM.Collect$$$$00000004                 0x080000f0   Section        4  entry5.o(.ARM.Collect$$$$00000004)
    .ARM.Collect$$$$00000008                 0x080000f4   Section        0  entry7b.o(.ARM.Collect$$$$00000008)
    .ARM.Collect$$$$0000000A                 0x080000f4   Section        0  entry8b.o(.ARM.Collect$$$$0000000A)
    .ARM.Collect$$$$0000000B                 0x080000f4   Section        8  entry9a.o(.ARM.Collect$$$$0000000B)
    .ARM.Collect$$$$0000000D                 0x080000fc   Section        0  entry10a.o(.ARM.Collect$$$$0000000D)
    .ARM.Collect$$$$0000000F                 0x080000fc   Section        0  entry11a.o(.ARM.Collect$$$$0000000F)
    .ARM.Collect$$$$00002712                 0x080000fc   Section        4  entry2.o(.ARM.Collect$$$$00002712)
    __lit__00000000                          0x080000fc   Data           4  entry2.o(.ARM.Collect$$$$00002712)
    .text                                    0x08000100   Section       36  startup_stm32f103xb.o(.text)
    .text                                    0x08000124   Section        0  llushr.o(.text)
    .text                                    0x08000144   Section        0  memcpya.o(.text)
    .text                                    0x08000168   Section        0  memseta.o(.text)
    .text                                    0x0800018c   Section        0  strlen.o(.text)
    .text                                    0x0800019a   Section        0  strcmp.o(.text)
    .text                                    0x080001b6   Section        0  strcpy.o(.text)
    .text                                    0x080001c8   Section        0  strncmp.o(.text)
    .text                                    0x080001e6   Section        0  strtol.o(.text)
    .text                                    0x08000256   Section        0  atoi.o(.text)
    .text                                    0x08000270   Section        0  uldiv.o(.text)
    .text                                    0x080002d4   Section        0  ctype_o.o(.text)
    .text                                    0x080002dc   Section        0  _strtoul.o(.text)
    .text                                    0x0800037c   Section       36  init.o(.text)
    .text                                    0x080003a0   Section        0  llshl.o(.text)
    .text                                    0x080003be   Section        0  _chval.o(.text)
    i.AT86RF212B_BitRead                     0x080003da   Section        0  at86rf212b.o(i.AT86RF212B_BitRead)
    i.AT86RF212B_BitWrite                    0x080003ea   Section        0  at86rf212b.o(i.AT86RF212B_BitWrite)
    AT86RF212B_BitWrite                      0x080003eb   Thumb Code    56  at86rf212b.o(i.AT86RF212B_BitWrite)
    i.AT86RF212B_Delay                       0x08000424   Section        0  at86rf212b.o(i.AT86RF212B_Delay)
    AT86RF212B_Delay                         0x08000425   Thumb Code   384  at86rf212b.o(i.AT86RF212B_Delay)
    i.AT86RF212B_FrameRead                   0x080005ec   Section        0  at86rf212b.o(i.AT86RF212B_FrameRead)
    i.AT86RF212B_FrameWrite                  0x08000828   Section        0  at86rf212b.o(i.AT86RF212B_FrameWrite)
    AT86RF212B_FrameWrite                    0x08000829   Thumb Code   114  at86rf212b.o(i.AT86RF212B_FrameWrite)
    i.AT86RF212B_GetState                    0x080008b0   Section        0  at86rf212b.o(i.AT86RF212B_GetState)
    i.AT86RF212B_ID                          0x080008bc   Section        0  at86rf212b.o(i.AT86RF212B_ID)
    i.AT86RF212B_IrqInit                     0x0800098c   Section        0  at86rf212b.o(i.AT86RF212B_IrqInit)
    AT86RF212B_IrqInit                       0x0800098d   Thumb Code    38  at86rf212b.o(i.AT86RF212B_IrqInit)
    i.AT86RF212B_Main                        0x080009b4   Section        0  at86rf212b.o(i.AT86RF212B_Main)
    i.AT86RF212B_Open                        0x08000a7c   Section        0  at86rf212b.o(i.AT86RF212B_Open)
    i.AT86RF212B_OpenHAL                     0x08000af4   Section        0  at86rf212b_hal.o(i.AT86RF212B_OpenHAL)
    i.AT86RF212B_PhySetChannel               0x08000b64   Section        0  at86rf212b.o(i.AT86RF212B_PhySetChannel)
    AT86RF212B_PhySetChannel                 0x08000b65   Thumb Code    70  at86rf212b.o(i.AT86RF212B_PhySetChannel)
    i.AT86RF212B_PhyStateChange              0x08000bfc   Section        0  at86rf212b.o(i.AT86RF212B_PhyStateChange)
    i.AT86RF212B_PowerOnReset                0x08000df4   Section        0  at86rf212b.o(i.AT86RF212B_PowerOnReset)
    AT86RF212B_PowerOnReset                  0x08000df5   Thumb Code   158  at86rf212b.o(i.AT86RF212B_PowerOnReset)
    i.AT86RF212B_PrintBuffer                 0x08000efc   Section        0  at86rf212b.o(i.AT86RF212B_PrintBuffer)
    AT86RF212B_PrintBuffer                   0x08000efd   Thumb Code    68  at86rf212b.o(i.AT86RF212B_PrintBuffer)
    i.AT86RF212B_RegRead                     0x08000f60   Section        0  at86rf212b.o(i.AT86RF212B_RegRead)
    i.AT86RF212B_RegWrite                    0x08000f84   Section        0  at86rf212b.o(i.AT86RF212B_RegWrite)
    i.AT86RF212B_SPIreadAndWriteHAL          0x08000fa8   Section        0  at86rf212b_hal.o(i.AT86RF212B_SPIreadAndWriteHAL)
    i.AT86RF212B_SetPhyMode                  0x08000ff4   Section        0  at86rf212b.o(i.AT86RF212B_SetPhyMode)
    AT86RF212B_SetPhyMode                    0x08000ff5   Thumb Code   522  at86rf212b.o(i.AT86RF212B_SetPhyMode)
    i.AT86RF212B_SetRegisters                0x08001260   Section        0  at86rf212b.o(i.AT86RF212B_SetRegisters)
    AT86RF212B_SetRegisters                  0x08001261   Thumb Code    28  at86rf212b.o(i.AT86RF212B_SetRegisters)
    i.AT86RF212B_TRX_Reset                   0x08001294   Section        0  at86rf212b.o(i.AT86RF212B_TRX_Reset)
    AT86RF212B_TRX_Reset                     0x08001295   Thumb Code    98  at86rf212b.o(i.AT86RF212B_TRX_Reset)
    i.AT86RF212B_TxData                      0x0800134c   Section        0  at86rf212b.o(i.AT86RF212B_TxData)
    AT86RF212B_TxData                        0x0800134d   Thumb Code   152  at86rf212b.o(i.AT86RF212B_TxData)
    i.AT86RF212B_WaitForIRQ                  0x08001408   Section        0  at86rf212b.o(i.AT86RF212B_WaitForIRQ)
    AT86RF212B_WaitForIRQ                    0x08001409   Thumb Code   136  at86rf212b.o(i.AT86RF212B_WaitForIRQ)
    i.AT86RF212B_WritePinHAL                 0x08001510   Section        0  at86rf212b_hal.o(i.AT86RF212B_WritePinHAL)
    i.AT86RF212B_WrongStateError             0x08001598   Section        0  at86rf212b.o(i.AT86RF212B_WrongStateError)
    AT86RF212B_WrongStateError               0x08001599   Thumb Code    34  at86rf212b.o(i.AT86RF212B_WrongStateError)
    i.AssertError                            0x08001608   Section        0  errorsandlogging.o(i.AssertError)
    i.BusFault_Handler                       0x08001660   Section        0  stm32f1xx_it.o(i.BusFault_Handler)
    i.CheckBufferCapacity                    0x08001662   Section        0  buffer.o(i.CheckBufferCapacity)
    CheckBufferCapacity                      0x08001663   Thumb Code    54  buffer.o(i.CheckBufferCapacity)
    i.CmdClear                               0x08001698   Section        0  terminal.o(i.CmdClear)
    CmdClear                                 0x08001699   Thumb Code    22  terminal.o(i.CmdClear)
    i.DebugMon_Handler                       0x080016bc   Section        0  stm32f1xx_it.o(i.DebugMon_Handler)
    i.Error_Handler                          0x080016be   Section        0  main.o(i.Error_Handler)
    i.ExitProgram                            0x080016c0   Section        0  terminal.o(i.ExitProgram)
    ExitProgram                              0x080016c1   Thumb Code     2  terminal.o(i.ExitProgram)
    i.GetIDs                                 0x080016c2   Section        0  terminal.o(i.GetIDs)
    GetIDs                                   0x080016c3   Thumb Code     4  terminal.o(i.GetIDs)
    i.HALDelayMs                             0x080016c6   Section        0  at86rf212b_hal.o(i.HALDelayMs)
    i.HALDelayUs                             0x080016cc   Section        0  at86rf212b_hal.o(i.HALDelayUs)
    i.HALGetMs                               0x080016fc   Section        0  at86rf212b_hal.o(i.HALGetMs)
    i.HAL_DMA_Abort_IT                       0x08001700   Section        0  stm32f1xx_hal_dma.o(i.HAL_DMA_Abort_IT)
    i.HAL_Delay                              0x08001798   Section        0  stm32f1xx_hal.o(i.HAL_Delay)
    i.HAL_GPIO_Init                          0x080017bc   Section        0  stm32f1xx_hal_gpio.o(i.HAL_GPIO_Init)
    i.HAL_GPIO_TogglePin                     0x08001978   Section        0  stm32f1xx_hal_gpio.o(i.HAL_GPIO_TogglePin)
    i.HAL_GPIO_WritePin                      0x08001980   Section        0  stm32f1xx_hal_gpio.o(i.HAL_GPIO_WritePin)
    i.HAL_GetTick                            0x0800198c   Section        0  stm32f1xx_hal.o(i.HAL_GetTick)
    i.HAL_IncTick                            0x08001998   Section        0  stm32f1xx_hal.o(i.HAL_IncTick)
    i.HAL_Init                               0x080019a8   Section        0  stm32f1xx_hal.o(i.HAL_Init)
    i.HAL_InitTick                           0x080019cc   Section        0  stm32f1xx_hal.o(i.HAL_InitTick)
    i.HAL_MspInit                            0x08001a0c   Section        0  stm32f1xx_hal_msp.o(i.HAL_MspInit)
    i.HAL_NVIC_EnableIRQ                     0x08001a48   Section        0  stm32f1xx_hal_cortex.o(i.HAL_NVIC_EnableIRQ)
    i.HAL_NVIC_SetPriority                   0x08001a60   Section        0  stm32f1xx_hal_cortex.o(i.HAL_NVIC_SetPriority)
    i.HAL_NVIC_SetPriorityGrouping           0x08001aa0   Section        0  stm32f1xx_hal_cortex.o(i.HAL_NVIC_SetPriorityGrouping)
    i.HAL_RCC_ClockConfig                    0x08001ac4   Section        0  stm32f1xx_hal_rcc.o(i.HAL_RCC_ClockConfig)
    i.HAL_RCC_GetHCLKFreq                    0x08001c30   Section        0  stm32f1xx_hal_rcc.o(i.HAL_RCC_GetHCLKFreq)
    i.HAL_RCC_GetPCLK1Freq                   0x08001c3c   Section        0  stm32f1xx_hal_rcc.o(i.HAL_RCC_GetPCLK1Freq)
    i.HAL_RCC_GetPCLK2Freq                   0x08001c5c   Section        0  stm32f1xx_hal_rcc.o(i.HAL_RCC_GetPCLK2Freq)
    i.HAL_RCC_GetSysClockFreq                0x08001c7c   Section        0  stm32f1xx_hal_rcc.o(i.HAL_RCC_GetSysClockFreq)
    i.HAL_RCC_OscConfig                      0x08001ce8   Section        0  stm32f1xx_hal_rcc.o(i.HAL_RCC_OscConfig)
    i.HAL_SPI_Init                           0x08001fec   Section        0  stm32f1xx_hal_spi_ex.o(i.HAL_SPI_Init)
    i.HAL_SPI_MspInit                        0x08002070   Section        0  spi.o(i.HAL_SPI_MspInit)
    i.HAL_SPI_TransmitReceive                0x080020e0   Section        0  stm32f1xx_hal_spi.o(i.HAL_SPI_TransmitReceive)
    i.HAL_SYSTICK_Config                     0x080022b8   Section        0  stm32f1xx_hal_cortex.o(i.HAL_SYSTICK_Config)
    i.HAL_UART_ErrorCallback                 0x080022e0   Section        0  stm32f1xx_hal_uart.o(i.HAL_UART_ErrorCallback)
    i.HAL_UART_IRQHandler                    0x080022e4   Section        0  stm32f1xx_hal_uart.o(i.HAL_UART_IRQHandler)
    i.HAL_UART_Init                          0x080023f4   Section        0  stm32f1xx_hal_uart.o(i.HAL_UART_Init)
    i.HAL_UART_MspInit                       0x08002458   Section        0  usart.o(i.HAL_UART_MspInit)
    i.HAL_UART_Receive_IT                    0x080024d8   Section        0  stm32f1xx_hal_uart.o(i.HAL_UART_Receive_IT)
    i.HAL_UART_RxCpltCallback                0x0800252c   Section        0  at86rf212b_hal.o(i.HAL_UART_RxCpltCallback)
    i.HAL_UART_Transmit                      0x08002554   Section        0  stm32f1xx_hal_uart.o(i.HAL_UART_Transmit)
    i.HAL_UART_TxCpltCallback                0x0800260e   Section        0  stm32f1xx_hal_uart.o(i.HAL_UART_TxCpltCallback)
    i.HardFault_Handler                      0x08002610   Section        0  stm32f1xx_it.o(i.HardFault_Handler)
    i.IsLogging                              0x08002614   Section        0  errorsandlogging.o(i.IsLogging)
    i.IsStateTxBusy                          0x08002620   Section        0  at86rf212b.o(i.IsStateTxBusy)
    IsStateTxBusy                            0x08002621   Thumb Code    20  at86rf212b.o(i.IsStateTxBusy)
    i.LOG                                    0x08002638   Section        0  errorsandlogging.o(i.LOG)
    i.ListCommands                           0x08002650   Section        0  terminal.o(i.ListCommands)
    ListCommands                             0x08002651   Thumb Code    92  terminal.o(i.ListCommands)
    i.MX_GPIO_Init                           0x080026b8   Section        0  gpio.o(i.MX_GPIO_Init)
    i.MX_SPI1_Init                           0x080027b8   Section        0  spi.o(i.MX_SPI1_Init)
    i.MX_USART2_UART_Init                    0x08002800   Section        0  usart.o(i.MX_USART2_UART_Init)
    i.MainControllerGetMode                  0x08002838   Section        0  maincontroller.o(i.MainControllerGetMode)
    i.MainControllerLoop                     0x08002844   Section        0  maincontroller.o(i.MainControllerLoop)
    i.MainControllerOpen                     0x08002870   Section        0  maincontroller.o(i.MainControllerOpen)
    i.MainControllerSetMode                  0x080028a0   Section        0  maincontroller.o(i.MainControllerSetMode)
    i.MemManage_Handler                      0x080028ac   Section        0  stm32f1xx_it.o(i.MemManage_Handler)
    i.NMI_Handler                            0x080028ae   Section        0  stm32f1xx_it.o(i.NMI_Handler)
    i.NVIC_SetPriority                       0x080028b0   Section        0  stm32f1xx_hal_cortex.o(i.NVIC_SetPriority)
    NVIC_SetPriority                         0x080028b1   Thumb Code    32  stm32f1xx_hal_cortex.o(i.NVIC_SetPriority)
    i.PendSV_Handler                         0x080028d0   Section        0  stm32f1xx_it.o(i.PendSV_Handler)
    i.PopFromInputBuffer                     0x080028d4   Section        0  buffer.o(i.PopFromInputBuffer)
    i.PopFromRxBuffer                        0x080028e0   Section        0  buffer.o(i.PopFromRxBuffer)
    i.PopFromTxBuffer                        0x080028ec   Section        0  buffer.o(i.PopFromTxBuffer)
    i.PushToInputBuffer                      0x080028f8   Section        0  buffer.o(i.PushToInputBuffer)
    i.PushToTxBuffer                         0x08002d18   Section        0  buffer.o(i.PushToTxBuffer)
    i.RawModeMain                            0x0800311c   Section        0  rawmode.o(i.RawModeMain)
    i.RawModeOpen                            0x0800328c   Section        0  rawmode.o(i.RawModeOpen)
    i.RawModeRx                              0x080032b2   Section        0  terminal.o(i.RawModeRx)
    RawModeRx                                0x080032b3   Thumb Code     6  terminal.o(i.RawModeRx)
    i.RawModeRxTx                            0x080032b8   Section        0  terminal.o(i.RawModeRxTx)
    RawModeRxTx                              0x080032b9   Thumb Code     6  terminal.o(i.RawModeRxTx)
    i.RawModeTx                              0x080032be   Section        0  terminal.o(i.RawModeTx)
    RawModeTx                                0x080032bf   Thumb Code     6  terminal.o(i.RawModeTx)
    i.ReadFrame                              0x080032c4   Section        0  terminal.o(i.ReadFrame)
    ReadFrame                                0x080032c5   Thumb Code     4  terminal.o(i.ReadFrame)
    i.ReadInputHAL                           0x080032c8   Section        0  at86rf212b_hal.o(i.ReadInputHAL)
    i.ReadRegister                           0x080032cc   Section        0  terminal.o(i.ReadRegister)
    ReadRegister                             0x080032cd   Thumb Code    38  terminal.o(i.ReadRegister)
    i.SPI_CheckFlag_BSY                      0x08003300   Section        0  stm32f1xx_hal_spi.o(i.SPI_CheckFlag_BSY)
    SPI_CheckFlag_BSY                        0x08003301   Thumb Code    32  stm32f1xx_hal_spi.o(i.SPI_CheckFlag_BSY)
    i.SPI_WaitFlagStateUntilTimeout          0x08003320   Section        0  stm32f1xx_hal_spi.o(i.SPI_WaitFlagStateUntilTimeout)
    SPI_WaitFlagStateUntilTimeout            0x08003321   Thumb Code   150  stm32f1xx_hal_spi.o(i.SPI_WaitFlagStateUntilTimeout)
    i.SVC_Handler                            0x080033b6   Section        0  stm32f1xx_it.o(i.SVC_Handler)
    i.SetEchoInput                           0x080033b8   Section        0  buffer.o(i.SetEchoInput)
    i.StateChangeCheck                       0x080033c4   Section        0  at86rf212b.o(i.StateChangeCheck)
    StateChangeCheck                         0x080033c5   Thumb Code    62  at86rf212b.o(i.StateChangeCheck)
    i.SysTick_Handler                        0x08003460   Section        0  stm32f1xx_it.o(i.SysTick_Handler)
    i.SystemClock_Config                     0x08003464   Section        0  main.o(i.SystemClock_Config)
    i.SystemInit                             0x080034c0   Section        0  system_stm32f1xx.o(i.SystemInit)
    i.TerminalMain                           0x08003508   Section        0  terminal.o(i.TerminalMain)
    i.TerminalOpen                           0x08003518   Section        0  terminal.o(i.TerminalOpen)
    i.TerminalRead                           0x08003580   Section        0  terminal.o(i.TerminalRead)
    i.TerminalWrite                          0x08003768   Section        0  terminal.o(i.TerminalWrite)
    i.TestBit                                0x0800377c   Section        0  terminal.o(i.TestBit)
    TestBit                                  0x0800377d   Thumb Code    60  terminal.o(i.TestBit)
    i.ToggelDebug                            0x080037c0   Section        0  terminal.o(i.ToggelDebug)
    ToggelDebug                              0x080037c1   Thumb Code     4  terminal.o(i.ToggelDebug)
    i.ToggleLogging                          0x080037c4   Section        0  errorsandlogging.o(i.ToggleLogging)
    i.UART_DMAAbortOnError                   0x080037d8   Section        0  stm32f1xx_hal_uart.o(i.UART_DMAAbortOnError)
    UART_DMAAbortOnError                     0x080037d9   Thumb Code    16  stm32f1xx_hal_uart.o(i.UART_DMAAbortOnError)
    i.UART_EndRxTransfer                     0x080037e8   Section        0  stm32f1xx_hal_uart.o(i.UART_EndRxTransfer)
    UART_EndRxTransfer                       0x080037e9   Thumb Code    28  stm32f1xx_hal_uart.o(i.UART_EndRxTransfer)
    i.UART_Receive_IT                        0x08003804   Section        0  stm32f1xx_hal_uart.o(i.UART_Receive_IT)
    UART_Receive_IT                          0x08003805   Thumb Code   150  stm32f1xx_hal_uart.o(i.UART_Receive_IT)
    i.UART_SetConfig                         0x0800389c   Section        0  stm32f1xx_hal_uart.o(i.UART_SetConfig)
    UART_SetConfig                           0x0800389d   Thumb Code   364  stm32f1xx_hal_uart.o(i.UART_SetConfig)
    i.UART_Transmit_IT                       0x08003a0c   Section        0  stm32f1xx_hal_uart.o(i.UART_Transmit_IT)
    UART_Transmit_IT                         0x08003a0d   Thumb Code    98  stm32f1xx_hal_uart.o(i.UART_Transmit_IT)
    i.UART_WaitOnFlagUntilTimeout            0x08003a6e   Section        0  stm32f1xx_hal_uart.o(i.UART_WaitOnFlagUntilTimeout)
    UART_WaitOnFlagUntilTimeout              0x08003a6f   Thumb Code   100  stm32f1xx_hal_uart.o(i.UART_WaitOnFlagUntilTimeout)
    i.USART2_IRQHandler                      0x08003ad4   Section        0  stm32f1xx_it.o(i.USART2_IRQHandler)
    i.UpdateState                            0x08003ae0   Section        0  at86rf212b.o(i.UpdateState)
    UpdateState                              0x08003ae1   Thumb Code    14  at86rf212b.o(i.UpdateState)
    i.UsageFault_Handler                     0x08003af4   Section        0  stm32f1xx_it.o(i.UsageFault_Handler)
    i.WriteRegister                          0x08003af8   Section        0  terminal.o(i.WriteRegister)
    WriteRegister                            0x08003af9   Thumb Code    58  terminal.o(i.WriteRegister)
    i.WriteToOutputHAL                       0x08003b40   Section        0  at86rf212b_hal.o(i.WriteToOutputHAL)
    i.__0printf$8                            0x08003b54   Section        0  printf8.o(i.__0printf$8)
    i.__0sprintf$8                           0x08003b74   Section        0  printf8.o(i.__0sprintf$8)
    i.__aeabi_errno_addr                     0x08003b9c   Section        0  errno.o(i.__aeabi_errno_addr)
    i.__scatterload_copy                     0x08003ba4   Section       14  handlers.o(i.__scatterload_copy)
    i.__scatterload_null                     0x08003bb2   Section        2  handlers.o(i.__scatterload_null)
    i.__scatterload_zeroinit                 0x08003bb4   Section       14  handlers.o(i.__scatterload_zeroinit)
    i._printf_core                           0x08003bc4   Section        0  printf8.o(i._printf_core)
    _printf_core                             0x08003bc5   Thumb Code   996  printf8.o(i._printf_core)
    i._printf_post_padding                   0x08003fd4   Section        0  printf8.o(i._printf_post_padding)
    _printf_post_padding                     0x08003fd5   Thumb Code    36  printf8.o(i._printf_post_padding)
    i._printf_pre_padding                    0x08003ff8   Section        0  printf8.o(i._printf_pre_padding)
    _printf_pre_padding                      0x08003ff9   Thumb Code    46  printf8.o(i._printf_pre_padding)
    i._sputc                                 0x08004026   Section        0  printf8.o(i._sputc)
    _sputc                                   0x08004027   Thumb Code    10  printf8.o(i._sputc)
    i.fputc                                  0x08004030   Section        0  usart.o(i.fputc)
    i.main                                   0x08004048   Section        0  main.o(i.main)
    i.popFromBuffer                          0x080040b4   Section        0  buffer.o(i.popFromBuffer)
    popFromBuffer                            0x080040b5   Thumb Code    40  buffer.o(i.popFromBuffer)
    i.pushToBuffer                           0x080040dc   Section        0  buffer.o(i.pushToBuffer)
    pushToBuffer                             0x080040dd   Thumb Code    52  buffer.o(i.pushToBuffer)
    .constdata                               0x08004110   Section       16  system_stm32f1xx.o(.constdata)
    .constdata                               0x08004120   Section        8  system_stm32f1xx.o(.constdata)
    .constdata                               0x08004128   Section       12  at86rf212b.o(.constdata)
    .constdata                               0x08004134   Section      168  terminal.o(.constdata)
    commands                                 0x08004134   Data         168  terminal.o(.constdata)
    .constdata                               0x080041dc   Section      129  ctype_o.o(.constdata)
    .constdata                               0x08004260   Section        4  ctype_o.o(.constdata)
    table                                    0x08004260   Data           4  ctype_o.o(.constdata)
    .conststring                             0x08004264   Section      329  terminal.o(.conststring)
    .data                                    0x20000000   Section        1  main.o(.data)
    .data                                    0x20000004   Section        4  system_stm32f1xx.o(.data)
    .data                                    0x20000008   Section        4  at86rf212b.o(.data)
    interupt                                 0x20000008   Data           1  at86rf212b.o(.data)
    irqState                                 0x20000009   Data           1  at86rf212b.o(.data)
    sequenceNumber                           0x2000000a   Data           1  at86rf212b.o(.data)
    prevSequenceNumber                       0x2000000b   Data           1  at86rf212b.o(.data)
    .data                                    0x2000000c   Section        4  at86rf212b_hal.o(.data)
    .data                                    0x20000010   Section        1  buffer.o(.data)
    echoInput                                0x20000010   Data           1  buffer.o(.data)
    .data                                    0x20000011   Section        1  errorsandlogging.o(.data)
    logging                                  0x20000011   Data           1  errorsandlogging.o(.data)
    .data                                    0x20000012   Section        1  maincontroller.o(.data)
    AT86RF212B_Mode                          0x20000012   Data           1  maincontroller.o(.data)
    .data                                    0x20000014   Section        6  rawmode.o(.data)
    radioMode                                0x20000014   Data           1  rawmode.o(.data)
    iter                                     0x20000015   Data           1  rawmode.o(.data)
    length                                   0x20000016   Data           1  rawmode.o(.data)
    mode                                     0x20000017   Data           1  rawmode.o(.data)
    lenReceaved                              0x20000018   Data           2  rawmode.o(.data)
    .data                                    0x2000001a   Section        1  terminal.o(.data)
    cmdIter                                  0x2000001a   Data           1  terminal.o(.data)
    .data                                    0x2000001c   Section       12  stm32f1xx_hal.o(.data)
    .data                                    0x20000028   Section        4  stdout.o(.data)
    .data                                    0x2000002c   Section        4  errno.o(.data)
    _errno                                   0x2000002c   Data           4  errno.o(.data)
    .bss                                     0x20000030   Section       88  spi.o(.bss)
    .bss                                     0x20000088   Section       64  usart.o(.bss)
    .bss                                     0x200000c8   Section       40  at86rf212b.o(.bss)
    config                                   0x200000c8   Data          40  at86rf212b.o(.bss)
    .bss                                     0x200000f0   Section       88  at86rf212b_hal.o(.bss)
    .bss                                     0x20000148   Section      396  buffer.o(.bss)
    rxBuffer                                 0x20000148   Data         132  buffer.o(.bss)
    txBuffer                                 0x200001cc   Data         132  buffer.o(.bss)
    inputBuffer                              0x20000250   Data         132  buffer.o(.bss)
    .bss                                     0x200002d4   Section       10  rawmode.o(.bss)
    code                                     0x200002d4   Data          10  rawmode.o(.bss)
    .bss                                     0x200002de   Section       32  terminal.o(.bss)
    cmdStr                                   0x200002de   Data          32  terminal.o(.bss)
    STACK                                    0x20000300   Section     1024  startup_stm32f103xb.o(STACK)

    Global Symbols

    Symbol Name                              Value     Ov Type        Size  Object(Section)

    BuildAttributes$$THM_ISAv4$P$D$K$B$S$PE$A:L22UL41UL21$X:L11$S22US41US21$IEEE1$IW$USESV6$~STKCKD$USESV7$~SHL$OSPACE$ROPI$EBA8$MICROLIB$REQ8$PRES8$EABIv2 0x00000000   Number         0  anon$$obj.o ABSOLUTE
    __ARM_use_no_argv                        0x00000000   Number         0  main.o ABSOLUTE
    _printf_a                                0x00000000   Number         0  stubs.o ABSOLUTE
    _printf_c                                0x00000000   Number         0  stubs.o ABSOLUTE
    _printf_charcount                        0x00000000   Number         0  stubs.o ABSOLUTE
    _printf_d                                0x00000000   Number         0  stubs.o ABSOLUTE
    _printf_e                                0x00000000   Number         0  stubs.o ABSOLUTE
    _printf_f                                0x00000000   Number         0  stubs.o ABSOLUTE
    _printf_flags                            0x00000000   Number         0  stubs.o ABSOLUTE
    _printf_fp_dec                           0x00000000   Number         0  stubs.o ABSOLUTE
    _printf_fp_hex                           0x00000000   Number         0  stubs.o ABSOLUTE
    _printf_g                                0x00000000   Number         0  stubs.o ABSOLUTE
    _printf_i                                0x00000000   Number         0  stubs.o ABSOLUTE
    _printf_int_dec                          0x00000000   Number         0  stubs.o ABSOLUTE
    _printf_l                                0x00000000   Number         0  stubs.o ABSOLUTE
    _printf_lc                               0x00000000   Number         0  stubs.o ABSOLUTE
    _printf_ll                               0x00000000   Number         0  stubs.o ABSOLUTE
    _printf_lld                              0x00000000   Number         0  stubs.o ABSOLUTE
    _printf_lli                              0x00000000   Number         0  stubs.o ABSOLUTE
    _printf_llo                              0x00000000   Number         0  stubs.o ABSOLUTE
    _printf_llu                              0x00000000   Number         0  stubs.o ABSOLUTE
    _printf_llx                              0x00000000   Number         0  stubs.o ABSOLUTE
    _printf_longlong_dec                     0x00000000   Number         0  stubs.o ABSOLUTE
    _printf_longlong_hex                     0x00000000   Number         0  stubs.o ABSOLUTE
    _printf_longlong_oct                     0x00000000   Number         0  stubs.o ABSOLUTE
    _printf_ls                               0x00000000   Number         0  stubs.o ABSOLUTE
    _printf_mbtowc                           0x00000000   Number         0  stubs.o ABSOLUTE
    _printf_n                                0x00000000   Number         0  stubs.o ABSOLUTE
    _printf_o                                0x00000000   Number         0  stubs.o ABSOLUTE
    _printf_p                                0x00000000   Number         0  stubs.o ABSOLUTE
    _printf_percent                          0x00000000   Number         0  stubs.o ABSOLUTE
    _printf_pre_padding                      0x00000000   Number         0  stubs.o ABSOLUTE
    _printf_return_value                     0x00000000   Number         0  stubs.o ABSOLUTE
    _printf_s                                0x00000000   Number         0  stubs.o ABSOLUTE
    _printf_sizespec                         0x00000000   Number         0  stubs.o ABSOLUTE
    _printf_str                              0x00000000   Number         0  stubs.o ABSOLUTE
    _printf_truncate_signed                  0x00000000   Number         0  stubs.o ABSOLUTE
    _printf_truncate_unsigned                0x00000000   Number         0  stubs.o ABSOLUTE
    _printf_u                                0x00000000   Number         0  stubs.o ABSOLUTE
    _printf_wc                               0x00000000   Number         0  stubs.o ABSOLUTE
    _printf_wctomb                           0x00000000   Number         0  stubs.o ABSOLUTE
    _printf_widthprec                        0x00000000   Number         0  stubs.o ABSOLUTE
    _printf_x                                0x00000000   Number         0  stubs.o ABSOLUTE
    __cpp_initialize__aeabi_                  - Undefined Weak Reference
    __cxa_finalize                            - Undefined Weak Reference
    __decompress                              - Undefined Weak Reference
    _clock_init                               - Undefined Weak Reference
    _microlib_exit                            - Undefined Weak Reference
    __Vectors_Size                           0x000000ec   Number         0  startup_stm32f103xb.o ABSOLUTE
    __Vectors                                0x08000000   Data           4  startup_stm32f103xb.o(RESET)
    __Vectors_End                            0x080000ec   Data           0  startup_stm32f103xb.o(RESET)
    __main                                   0x080000ed   Thumb Code     0  entry.o(.ARM.Collect$$$$00000000)
    _main_stk                                0x080000ed   Thumb Code     0  entry2.o(.ARM.Collect$$$$00000001)
    _main_scatterload                        0x080000f1   Thumb Code     0  entry5.o(.ARM.Collect$$$$00000004)
    __main_after_scatterload                 0x080000f5   Thumb Code     0  entry5.o(.ARM.Collect$$$$00000004)
    _main_clock                              0x080000f5   Thumb Code     0  entry7b.o(.ARM.Collect$$$$00000008)
    _main_cpp_init                           0x080000f5   Thumb Code     0  entry8b.o(.ARM.Collect$$$$0000000A)
    _main_init                               0x080000f5   Thumb Code     0  entry9a.o(.ARM.Collect$$$$0000000B)
    __rt_final_cpp                           0x080000fd   Thumb Code     0  entry10a.o(.ARM.Collect$$$$0000000D)
    __rt_final_exit                          0x080000fd   Thumb Code     0  entry11a.o(.ARM.Collect$$$$0000000F)
    Reset_Handler                            0x08000101   Thumb Code     8  startup_stm32f103xb.o(.text)
    ADC1_2_IRQHandler                        0x0800011b   Thumb Code     0  startup_stm32f103xb.o(.text)
    CAN1_RX1_IRQHandler                      0x0800011b   Thumb Code     0  startup_stm32f103xb.o(.text)
    CAN1_SCE_IRQHandler                      0x0800011b   Thumb Code     0  startup_stm32f103xb.o(.text)
    DMA1_Channel1_IRQHandler                 0x0800011b   Thumb Code     0  startup_stm32f103xb.o(.text)
    DMA1_Channel2_IRQHandler                 0x0800011b   Thumb Code     0  startup_stm32f103xb.o(.text)
    DMA1_Channel3_IRQHandler                 0x0800011b   Thumb Code     0  startup_stm32f103xb.o(.text)
    DMA1_Channel4_IRQHandler                 0x0800011b   Thumb Code     0  startup_stm32f103xb.o(.text)
    DMA1_Channel5_IRQHandler                 0x0800011b   Thumb Code     0  startup_stm32f103xb.o(.text)
    DMA1_Channel6_IRQHandler                 0x0800011b   Thumb Code     0  startup_stm32f103xb.o(.text)
    DMA1_Channel7_IRQHandler                 0x0800011b   Thumb Code     0  startup_stm32f103xb.o(.text)
    EXTI0_IRQHandler                         0x0800011b   Thumb Code     0  startup_stm32f103xb.o(.text)
    EXTI15_10_IRQHandler                     0x0800011b   Thumb Code     0  startup_stm32f103xb.o(.text)
    EXTI1_IRQHandler                         0x0800011b   Thumb Code     0  startup_stm32f103xb.o(.text)
    EXTI2_IRQHandler                         0x0800011b   Thumb Code     0  startup_stm32f103xb.o(.text)
    EXTI3_IRQHandler                         0x0800011b   Thumb Code     0  startup_stm32f103xb.o(.text)
    EXTI4_IRQHandler                         0x0800011b   Thumb Code     0  startup_stm32f103xb.o(.text)
    EXTI9_5_IRQHandler                       0x0800011b   Thumb Code     0  startup_stm32f103xb.o(.text)
    FLASH_IRQHandler                         0x0800011b   Thumb Code     0  startup_stm32f103xb.o(.text)
    I2C1_ER_IRQHandler                       0x0800011b   Thumb Code     0  startup_stm32f103xb.o(.text)
    I2C1_EV_IRQHandler                       0x0800011b   Thumb Code     0  startup_stm32f103xb.o(.text)
    I2C2_ER_IRQHandler                       0x0800011b   Thumb Code     0  startup_stm32f103xb.o(.text)
    I2C2_EV_IRQHandler                       0x0800011b   Thumb Code     0  startup_stm32f103xb.o(.text)
    PVD_IRQHandler                           0x0800011b   Thumb Code     0  startup_stm32f103xb.o(.text)
    RCC_IRQHandler                           0x0800011b   Thumb Code     0  startup_stm32f103xb.o(.text)
    RTC_Alarm_IRQHandler                     0x0800011b   Thumb Code     0  startup_stm32f103xb.o(.text)
    RTC_IRQHandler                           0x0800011b   Thumb Code     0  startup_stm32f103xb.o(.text)
    SPI1_IRQHandler                          0x0800011b   Thumb Code     0  startup_stm32f103xb.o(.text)
    SPI2_IRQHandler                          0x0800011b   Thumb Code     0  startup_stm32f103xb.o(.text)
    TAMPER_IRQHandler                        0x0800011b   Thumb Code     0  startup_stm32f103xb.o(.text)
    TIM1_BRK_IRQHandler                      0x0800011b   Thumb Code     0  startup_stm32f103xb.o(.text)
    TIM1_CC_IRQHandler                       0x0800011b   Thumb Code     0  startup_stm32f103xb.o(.text)
    TIM1_TRG_COM_IRQHandler                  0x0800011b   Thumb Code     0  startup_stm32f103xb.o(.text)
    TIM1_UP_IRQHandler                       0x0800011b   Thumb Code     0  startup_stm32f103xb.o(.text)
    TIM2_IRQHandler                          0x0800011b   Thumb Code     0  startup_stm32f103xb.o(.text)
    TIM3_IRQHandler                          0x0800011b   Thumb Code     0  startup_stm32f103xb.o(.text)
    TIM4_IRQHandler                          0x0800011b   Thumb Code     0  startup_stm32f103xb.o(.text)
    USART1_IRQHandler                        0x0800011b   Thumb Code     0  startup_stm32f103xb.o(.text)
    USART3_IRQHandler                        0x0800011b   Thumb Code     0  startup_stm32f103xb.o(.text)
    USBWakeUp_IRQHandler                     0x0800011b   Thumb Code     0  startup_stm32f103xb.o(.text)
    USB_HP_CAN1_TX_IRQHandler                0x0800011b   Thumb Code     0  startup_stm32f103xb.o(.text)
    USB_LP_CAN1_RX0_IRQHandler               0x0800011b   Thumb Code     0  startup_stm32f103xb.o(.text)
    WWDG_IRQHandler                          0x0800011b   Thumb Code     0  startup_stm32f103xb.o(.text)
    __aeabi_llsr                             0x08000125   Thumb Code    32  llushr.o(.text)
    _ll_ushift_r                             0x08000125   Thumb Code     0  llushr.o(.text)
    __aeabi_memcpy                           0x08000145   Thumb Code    36  memcpya.o(.text)
    __aeabi_memcpy4                          0x08000145   Thumb Code     0  memcpya.o(.text)
    __aeabi_memcpy8                          0x08000145   Thumb Code     0  memcpya.o(.text)
    __aeabi_memset                           0x08000169   Thumb Code    14  memseta.o(.text)
    __aeabi_memset4                          0x08000169   Thumb Code     0  memseta.o(.text)
    __aeabi_memset8                          0x08000169   Thumb Code     0  memseta.o(.text)
    __aeabi_memclr                           0x08000177   Thumb Code     4  memseta.o(.text)
    __aeabi_memclr4                          0x08000177   Thumb Code     0  memseta.o(.text)
    __aeabi_memclr8                          0x08000177   Thumb Code     0  memseta.o(.text)
    _memset$wrapper                          0x0800017b   Thumb Code    18  memseta.o(.text)
    strlen                                   0x0800018d   Thumb Code    14  strlen.o(.text)
    strcmp                                   0x0800019b   Thumb Code    28  strcmp.o(.text)
    strcpy                                   0x080001b7   Thumb Code    18  strcpy.o(.text)
    strncmp                                  0x080001c9   Thumb Code    30  strncmp.o(.text)
    strtol                                   0x080001e7   Thumb Code   112  strtol.o(.text)
    atoi                                     0x08000257   Thumb Code    26  atoi.o(.text)
    __aeabi_uldivmod                         0x08000271   Thumb Code    98  uldiv.o(.text)
    __rt_ctype_table                         0x080002d5   Thumb Code     4  ctype_o.o(.text)
    _strtoul                                 0x080002dd   Thumb Code   158  _strtoul.o(.text)
    __scatterload                            0x0800037d   Thumb Code    28  init.o(.text)
    __scatterload_rt2                        0x0800037d   Thumb Code     0  init.o(.text)
    __aeabi_llsl                             0x080003a1   Thumb Code    30  llshl.o(.text)
    _ll_shift_l                              0x080003a1   Thumb Code     0  llshl.o(.text)
    _chval                                   0x080003bf   Thumb Code    28  _chval.o(.text)
    AT86RF212B_BitRead                       0x080003db   Thumb Code    16  at86rf212b.o(i.AT86RF212B_BitRead)
    AT86RF212B_FrameRead                     0x080005ed   Thumb Code   354  at86rf212b.o(i.AT86RF212B_FrameRead)
    AT86RF212B_GetState                      0x080008b1   Thumb Code     6  at86rf212b.o(i.AT86RF212B_GetState)
    AT86RF212B_ID                            0x080008bd   Thumb Code   122  at86rf212b.o(i.AT86RF212B_ID)
    AT86RF212B_Main                          0x080009b5   Thumb Code   128  at86rf212b.o(i.AT86RF212B_Main)
    AT86RF212B_Open                          0x08000a7d   Thumb Code   116  at86rf212b.o(i.AT86RF212B_Open)
    AT86RF212B_OpenHAL                       0x08000af5   Thumb Code    90  at86rf212b_hal.o(i.AT86RF212B_OpenHAL)
    AT86RF212B_PhyStateChange                0x08000bfd   Thumb Code   466  at86rf212b.o(i.AT86RF212B_PhyStateChange)
    AT86RF212B_RegRead                       0x08000f61   Thumb Code    36  at86rf212b.o(i.AT86RF212B_RegRead)
    AT86RF212B_RegWrite                      0x08000f85   Thumb Code    36  at86rf212b.o(i.AT86RF212B_RegWrite)
    AT86RF212B_SPIreadAndWriteHAL            0x08000fa9   Thumb Code    62  at86rf212b_hal.o(i.AT86RF212B_SPIreadAndWriteHAL)
    AT86RF212B_WritePinHAL                   0x08001511   Thumb Code    84  at86rf212b_hal.o(i.AT86RF212B_WritePinHAL)
    AssertError                              0x08001609   Thumb Code    54  errorsandlogging.o(i.AssertError)
    BusFault_Handler                         0x08001661   Thumb Code     2  stm32f1xx_it.o(i.BusFault_Handler)
    DebugMon_Handler                         0x080016bd   Thumb Code     2  stm32f1xx_it.o(i.DebugMon_Handler)
    Error_Handler                            0x080016bf   Thumb Code     2  main.o(i.Error_Handler)
    HALDelayMs                               0x080016c7   Thumb Code     4  at86rf212b_hal.o(i.HALDelayMs)
    HALDelayUs                               0x080016cd   Thumb Code    38  at86rf212b_hal.o(i.HALDelayUs)
    HALGetMs                                 0x080016fd   Thumb Code     4  at86rf212b_hal.o(i.HALGetMs)
    HAL_DMA_Abort_IT                         0x08001701   Thumb Code   148  stm32f1xx_hal_dma.o(i.HAL_DMA_Abort_IT)
    HAL_Delay                                0x08001799   Thumb Code    32  stm32f1xx_hal.o(i.HAL_Delay)
    HAL_GPIO_Init                            0x080017bd   Thumb Code   408  stm32f1xx_hal_gpio.o(i.HAL_GPIO_Init)
    HAL_GPIO_TogglePin                       0x08001979   Thumb Code     8  stm32f1xx_hal_gpio.o(i.HAL_GPIO_TogglePin)
    HAL_GPIO_WritePin                        0x08001981   Thumb Code    10  stm32f1xx_hal_gpio.o(i.HAL_GPIO_WritePin)
    HAL_GetTick                              0x0800198d   Thumb Code     6  stm32f1xx_hal.o(i.HAL_GetTick)
    HAL_IncTick                              0x08001999   Thumb Code    12  stm32f1xx_hal.o(i.HAL_IncTick)
    HAL_Init                                 0x080019a9   Thumb Code    32  stm32f1xx_hal.o(i.HAL_Init)
    HAL_InitTick                             0x080019cd   Thumb Code    54  stm32f1xx_hal.o(i.HAL_InitTick)
    HAL_MspInit                              0x08001a0d   Thumb Code    52  stm32f1xx_hal_msp.o(i.HAL_MspInit)
    HAL_NVIC_EnableIRQ                       0x08001a49   Thumb Code    22  stm32f1xx_hal_cortex.o(i.HAL_NVIC_EnableIRQ)
    HAL_NVIC_SetPriority                     0x08001a61   Thumb Code    60  stm32f1xx_hal_cortex.o(i.HAL_NVIC_SetPriority)
    HAL_NVIC_SetPriorityGrouping             0x08001aa1   Thumb Code    26  stm32f1xx_hal_cortex.o(i.HAL_NVIC_SetPriorityGrouping)
    HAL_RCC_ClockConfig                      0x08001ac5   Thumb Code   346  stm32f1xx_hal_rcc.o(i.HAL_RCC_ClockConfig)
    HAL_RCC_GetHCLKFreq                      0x08001c31   Thumb Code     6  stm32f1xx_hal_rcc.o(i.HAL_RCC_GetHCLKFreq)
    HAL_RCC_GetPCLK1Freq                     0x08001c3d   Thumb Code    20  stm32f1xx_hal_rcc.o(i.HAL_RCC_GetPCLK1Freq)
    HAL_RCC_GetPCLK2Freq                     0x08001c5d   Thumb Code    20  stm32f1xx_hal_rcc.o(i.HAL_RCC_GetPCLK2Freq)
    HAL_RCC_GetSysClockFreq                  0x08001c7d   Thumb Code    74  stm32f1xx_hal_rcc.o(i.HAL_RCC_GetSysClockFreq)
    HAL_RCC_OscConfig                        0x08001ce9   Thumb Code   750  stm32f1xx_hal_rcc.o(i.HAL_RCC_OscConfig)
    HAL_SPI_Init                             0x08001fed   Thumb Code   130  stm32f1xx_hal_spi_ex.o(i.HAL_SPI_Init)
    HAL_SPI_MspInit                          0x08002071   Thumb Code    98  spi.o(i.HAL_SPI_MspInit)
    HAL_SPI_TransmitReceive                  0x080020e1   Thumb Code   472  stm32f1xx_hal_spi.o(i.HAL_SPI_TransmitReceive)
    HAL_SYSTICK_Config                       0x080022b9   Thumb Code    40  stm32f1xx_hal_cortex.o(i.HAL_SYSTICK_Config)
    HAL_UART_ErrorCallback                   0x080022e1   Thumb Code     2  stm32f1xx_hal_uart.o(i.HAL_UART_ErrorCallback)
    HAL_UART_IRQHandler                      0x080022e5   Thumb Code   266  stm32f1xx_hal_uart.o(i.HAL_UART_IRQHandler)
    HAL_UART_Init                            0x080023f5   Thumb Code    98  stm32f1xx_hal_uart.o(i.HAL_UART_Init)
    HAL_UART_MspInit                         0x08002459   Thumb Code   114  usart.o(i.HAL_UART_MspInit)
    HAL_UART_Receive_IT                      0x080024d9   Thumb Code    82  stm32f1xx_hal_uart.o(i.HAL_UART_Receive_IT)
    HAL_UART_RxCpltCallback                  0x0800252d   Thumb Code    32  at86rf212b_hal.o(i.HAL_UART_RxCpltCallback)
    HAL_UART_Transmit                        0x08002555   Thumb Code   186  stm32f1xx_hal_uart.o(i.HAL_UART_Transmit)
    HAL_UART_TxCpltCallback                  0x0800260f   Thumb Code     2  stm32f1xx_hal_uart.o(i.HAL_UART_TxCpltCallback)
    HardFault_Handler                        0x08002611   Thumb Code     2  stm32f1xx_it.o(i.HardFault_Handler)
    IsLogging                                0x08002615   Thumb Code     6  errorsandlogging.o(i.IsLogging)
    LOG                                      0x08002639   Thumb Code    22  errorsandlogging.o(i.LOG)
    MX_GPIO_Init                             0x080026b9   Thumb Code   238  gpio.o(i.MX_GPIO_Init)
    MX_SPI1_Init                             0x080027b9   Thumb Code    62  spi.o(i.MX_SPI1_Init)
    MX_USART2_UART_Init                      0x08002801   Thumb Code    48  usart.o(i.MX_USART2_UART_Init)
    MainControllerGetMode                    0x08002839   Thumb Code     6  maincontroller.o(i.MainControllerGetMode)
    MainControllerLoop                       0x08002845   Thumb Code    40  maincontroller.o(i.MainControllerLoop)
    MainControllerOpen                       0x08002871   Thumb Code    42  maincontroller.o(i.MainControllerOpen)
    MainControllerSetMode                    0x080028a1   Thumb Code     8  maincontroller.o(i.MainControllerSetMode)
    MemManage_Handler                        0x080028ad   Thumb Code     2  stm32f1xx_it.o(i.MemManage_Handler)
    NMI_Handler                              0x080028af   Thumb Code     2  stm32f1xx_it.o(i.NMI_Handler)
    PendSV_Handler                           0x080028d1   Thumb Code     2  stm32f1xx_it.o(i.PendSV_Handler)
    PopFromInputBuffer                       0x080028d5   Thumb Code     8  buffer.o(i.PopFromInputBuffer)
    PopFromRxBuffer                          0x080028e1   Thumb Code     8  buffer.o(i.PopFromRxBuffer)
    PopFromTxBuffer                          0x080028ed   Thumb Code     8  buffer.o(i.PopFromTxBuffer)
    PushToInputBuffer                        0x080028f9   Thumb Code  1056  buffer.o(i.PushToInputBuffer)
    PushToTxBuffer                           0x08002d19   Thumb Code  1028  buffer.o(i.PushToTxBuffer)
    RawModeMain                              0x0800311d   Thumb Code   314  rawmode.o(i.RawModeMain)
    RawModeOpen                              0x0800328d   Thumb Code    38  rawmode.o(i.RawModeOpen)
    ReadInputHAL                             0x080032c9   Thumb Code     2  at86rf212b_hal.o(i.ReadInputHAL)
    SVC_Handler                              0x080033b7   Thumb Code     2  stm32f1xx_it.o(i.SVC_Handler)
    SetEchoInput                             0x080033b9   Thumb Code     6  buffer.o(i.SetEchoInput)
    SysTick_Handler                          0x08003461   Thumb Code     4  stm32f1xx_it.o(i.SysTick_Handler)
    SystemClock_Config                       0x08003465   Thumb Code    90  main.o(i.SystemClock_Config)
    SystemInit                               0x080034c1   Thumb Code    56  system_stm32f1xx.o(i.SystemInit)
    TerminalMain                             0x08003509   Thumb Code    14  terminal.o(i.TerminalMain)
    TerminalOpen                             0x08003519   Thumb Code    56  terminal.o(i.TerminalOpen)
    TerminalRead                             0x08003581   Thumb Code   364  terminal.o(i.TerminalRead)
    TerminalWrite                            0x08003769   Thumb Code    20  terminal.o(i.TerminalWrite)
    ToggleLogging                            0x080037c5   Thumb Code    16  errorsandlogging.o(i.ToggleLogging)
    USART2_IRQHandler                        0x08003ad5   Thumb Code     6  stm32f1xx_it.o(i.USART2_IRQHandler)
    UsageFault_Handler                       0x08003af5   Thumb Code     2  stm32f1xx_it.o(i.UsageFault_Handler)
    WriteToOutputHAL                         0x08003b41   Thumb Code    14  at86rf212b_hal.o(i.WriteToOutputHAL)
    __0printf$8                              0x08003b55   Thumb Code    22  printf8.o(i.__0printf$8)
    __1printf$8                              0x08003b55   Thumb Code     0  printf8.o(i.__0printf$8)
    __2printf                                0x08003b55   Thumb Code     0  printf8.o(i.__0printf$8)
    __0sprintf$8                             0x08003b75   Thumb Code    34  printf8.o(i.__0sprintf$8)
    __1sprintf$8                             0x08003b75   Thumb Code     0  printf8.o(i.__0sprintf$8)
    __2sprintf                               0x08003b75   Thumb Code     0  printf8.o(i.__0sprintf$8)
    __aeabi_errno_addr                       0x08003b9d   Thumb Code     4  errno.o(i.__aeabi_errno_addr)
    __rt_errno_addr                          0x08003b9d   Thumb Code     0  errno.o(i.__aeabi_errno_addr)
    __scatterload_copy                       0x08003ba5   Thumb Code    14  handlers.o(i.__scatterload_copy)
    __scatterload_null                       0x08003bb3   Thumb Code     2  handlers.o(i.__scatterload_null)
    __scatterload_zeroinit                   0x08003bb5   Thumb Code    14  handlers.o(i.__scatterload_zeroinit)
    fputc                                    0x08004031   Thumb Code    20  usart.o(i.fputc)
    main                                     0x08004049   Thumb Code    80  main.o(i.main)
    AHBPrescTable                            0x08004110   Data          16  system_stm32f1xx.o(.constdata)
    APBPrescTable                            0x08004120   Data           8  system_stm32f1xx.o(.constdata)
    __ctype_table                            0x080041dc   Data         129  ctype_o.o(.constdata)
    Region$$Table$$Base                      0x080043b0   Number         0  anon$$obj.o(Region$$Table)
    Region$$Table$$Limit                     0x080043d0   Number         0  anon$$obj.o(Region$$Table)
    aRxBuffer1                               0x20000000   Data           1  main.o(.data)
    SystemCoreClock                          0x20000004   Data           4  system_stm32f1xx.o(.data)
    timeout                                  0x2000000c   Data           4  at86rf212b_hal.o(.data)
    uwTickFreq                               0x2000001c   Data           1  stm32f1xx_hal.o(.data)
    uwTickPrio                               0x20000020   Data           4  stm32f1xx_hal.o(.data)
    uwTick                                   0x20000024   Data           4  stm32f1xx_hal.o(.data)
    __stdout                                 0x20000028   Data           4  stdout.o(.data)
    hspi1                                    0x20000030   Data          88  spi.o(.bss)
    huart2                                   0x20000088   Data          64  usart.o(.bss)
    hspi                                     0x200000f0   Data          88  at86rf212b_hal.o(.bss)
    __initial_sp                             0x20000700   Data           0  startup_stm32f103xb.o(STACK)



==============================================================================

Memory Map of the image

  Image Entry point : 0x080000ed

  Load Region LR_IROM1 (Base: 0x08000000, Size: 0x00004400, Max: 0x00010000, ABSOLUTE)

    Execution Region ER_IROM1 (Exec base: 0x08000000, Load base: 0x08000000, Size: 0x000043d0, Max: 0x00010000, ABSOLUTE)

    Exec Addr    Load Addr    Size         Type   Attr      Idx    E Section Name        Object

    0x08000000   0x08000000   0x000000ec   Data   RO          364    RESET               startup_stm32f103xb.o
    0x080000ec   0x080000ec   0x00000000   Code   RO         2667  * .ARM.Collect$$$$00000000  mc_w.l(entry.o)
    0x080000ec   0x080000ec   0x00000004   Code   RO         2951    .ARM.Collect$$$$00000001  mc_w.l(entry2.o)
    0x080000f0   0x080000f0   0x00000004   Code   RO         2954    .ARM.Collect$$$$00000004  mc_w.l(entry5.o)
    0x080000f4   0x080000f4   0x00000000   Code   RO         2956    .ARM.Collect$$$$00000008  mc_w.l(entry7b.o)
    0x080000f4   0x080000f4   0x00000000   Code   RO         2958    .ARM.Collect$$$$0000000A  mc_w.l(entry8b.o)
    0x080000f4   0x080000f4   0x00000008   Code   RO         2959    .ARM.Collect$$$$0000000B  mc_w.l(entry9a.o)
    0x080000fc   0x080000fc   0x00000000   Code   RO         2961    .ARM.Collect$$$$0000000D  mc_w.l(entry10a.o)
    0x080000fc   0x080000fc   0x00000000   Code   RO         2963    .ARM.Collect$$$$0000000F  mc_w.l(entry11a.o)
    0x080000fc   0x080000fc   0x00000004   Code   RO         2952    .ARM.Collect$$$$00002712  mc_w.l(entry2.o)
    0x08000100   0x08000100   0x00000024   Code   RO          365    .text               startup_stm32f103xb.o
    0x08000124   0x08000124   0x00000020   Code   RO         2670    .text               mc_w.l(llushr.o)
    0x08000144   0x08000144   0x00000024   Code   RO         2672    .text               mc_w.l(memcpya.o)
    0x08000168   0x08000168   0x00000024   Code   RO         2674    .text               mc_w.l(memseta.o)
    0x0800018c   0x0800018c   0x0000000e   Code   RO         2676    .text               mc_w.l(strlen.o)
    0x0800019a   0x0800019a   0x0000001c   Code   RO         2678    .text               mc_w.l(strcmp.o)
    0x080001b6   0x080001b6   0x00000012   Code   RO         2680    .text               mc_w.l(strcpy.o)
    0x080001c8   0x080001c8   0x0000001e   Code   RO         2682    .text               mc_w.l(strncmp.o)
    0x080001e6   0x080001e6   0x00000070   Code   RO         2947    .text               mc_w.l(strtol.o)
    0x08000256   0x08000256   0x0000001a   Code   RO         2949    .text               mc_w.l(atoi.o)
    0x08000270   0x08000270   0x00000062   Code   RO         2968    .text               mc_w.l(uldiv.o)
    0x080002d2   0x080002d2   0x00000002   PAD
    0x080002d4   0x080002d4   0x00000008   Code   RO         2970    .text               mc_w.l(ctype_o.o)
    0x080002dc   0x080002dc   0x0000009e   Code   RO         3005    .text               mc_w.l(_strtoul.o)
    0x0800037a   0x0800037a   0x00000002   PAD
    0x0800037c   0x0800037c   0x00000024   Code   RO         3018    .text               mc_w.l(init.o)
    0x080003a0   0x080003a0   0x0000001e   Code   RO         3020    .text               mc_w.l(llshl.o)
    0x080003be   0x080003be   0x0000001c   Code   RO         3024    .text               mc_w.l(_chval.o)
    0x080003da   0x080003da   0x00000010   Code   RO          410    i.AT86RF212B_BitRead  at86rf212b.o
    0x080003ea   0x080003ea   0x00000038   Code   RO          411    i.AT86RF212B_BitWrite  at86rf212b.o
    0x08000422   0x08000422   0x00000002   PAD
    0x08000424   0x08000424   0x000001c8   Code   RO          412    i.AT86RF212B_Delay  at86rf212b.o
    0x080005ec   0x080005ec   0x0000023c   Code   RO          413    i.AT86RF212B_FrameRead  at86rf212b.o
    0x08000828   0x08000828   0x00000088   Code   RO          414    i.AT86RF212B_FrameWrite  at86rf212b.o
    0x080008b0   0x080008b0   0x0000000c   Code   RO          415    i.AT86RF212B_GetState  at86rf212b.o
    0x080008bc   0x080008bc   0x000000d0   Code   RO          416    i.AT86RF212B_ID     at86rf212b.o
    0x0800098c   0x0800098c   0x00000026   Code   RO          418    i.AT86RF212B_IrqInit  at86rf212b.o
    0x080009b2   0x080009b2   0x00000002   PAD
    0x080009b4   0x080009b4   0x000000c8   Code   RO          419    i.AT86RF212B_Main   at86rf212b.o
    0x08000a7c   0x08000a7c   0x00000078   Code   RO          420    i.AT86RF212B_Open   at86rf212b.o
    0x08000af4   0x08000af4   0x00000070   Code   RO          606    i.AT86RF212B_OpenHAL  at86rf212b_hal.o
    0x08000b64   0x08000b64   0x00000098   Code   RO          421    i.AT86RF212B_PhySetChannel  at86rf212b.o
    0x08000bfc   0x08000bfc   0x000001f8   Code   RO          422    i.AT86RF212B_PhyStateChange  at86rf212b.o
    0x08000df4   0x08000df4   0x00000108   Code   RO          423    i.AT86RF212B_PowerOnReset  at86rf212b.o
    0x08000efc   0x08000efc   0x00000064   Code   RO          424    i.AT86RF212B_PrintBuffer  at86rf212b.o
    0x08000f60   0x08000f60   0x00000024   Code   RO          425    i.AT86RF212B_RegRead  at86rf212b.o
    0x08000f84   0x08000f84   0x00000024   Code   RO          426    i.AT86RF212B_RegWrite  at86rf212b.o
    0x08000fa8   0x08000fa8   0x0000004c   Code   RO          608    i.AT86RF212B_SPIreadAndWriteHAL  at86rf212b_hal.o
    0x08000ff4   0x08000ff4   0x0000026c   Code   RO          427    i.AT86RF212B_SetPhyMode  at86rf212b.o
    0x08001260   0x08001260   0x00000034   Code   RO          428    i.AT86RF212B_SetRegisters  at86rf212b.o
    0x08001294   0x08001294   0x000000b8   Code   RO          429    i.AT86RF212B_TRX_Reset  at86rf212b.o
    0x0800134c   0x0800134c   0x000000bc   Code   RO          430    i.AT86RF212B_TxData  at86rf212b.o
    0x08001408   0x08001408   0x00000108   Code   RO          431    i.AT86RF212B_WaitForIRQ  at86rf212b.o
    0x08001510   0x08001510   0x00000088   Code   RO          609    i.AT86RF212B_WritePinHAL  at86rf212b_hal.o
    0x08001598   0x08001598   0x00000070   Code   RO          432    i.AT86RF212B_WrongStateError  at86rf212b.o
    0x08001608   0x08001608   0x00000058   Code   RO          780    i.AssertError       errorsandlogging.o
    0x08001660   0x08001660   0x00000002   Code   RO          259    i.BusFault_Handler  stm32f1xx_it.o
    0x08001662   0x08001662   0x00000036   Code   RO          708    i.CheckBufferCapacity  buffer.o
    0x08001698   0x08001698   0x00000024   Code   RO          912    i.CmdClear          terminal.o
    0x080016bc   0x080016bc   0x00000002   Code   RO          260    i.DebugMon_Handler  stm32f1xx_it.o
    0x080016be   0x080016be   0x00000002   Code   RO            4    i.Error_Handler     main.o
    0x080016c0   0x080016c0   0x00000002   Code   RO          913    i.ExitProgram       terminal.o
    0x080016c2   0x080016c2   0x00000004   Code   RO          914    i.GetIDs            terminal.o
    0x080016c6   0x080016c6   0x00000004   Code   RO          610    i.HALDelayMs        at86rf212b_hal.o
    0x080016ca   0x080016ca   0x00000002   PAD
    0x080016cc   0x080016cc   0x00000030   Code   RO          611    i.HALDelayUs        at86rf212b_hal.o
    0x080016fc   0x080016fc   0x00000004   Code   RO          612    i.HALGetMs          at86rf212b_hal.o
    0x08001700   0x08001700   0x00000098   Code   RO         2147    i.HAL_DMA_Abort_IT  stm32f1xx_hal_dma.o
    0x08001798   0x08001798   0x00000024   Code   RO         1786    i.HAL_Delay         stm32f1xx_hal.o
    0x080017bc   0x080017bc   0x000001bc   Code   RO         2082    i.HAL_GPIO_Init     stm32f1xx_hal_gpio.o
    0x08001978   0x08001978   0x00000008   Code   RO         2085    i.HAL_GPIO_TogglePin  stm32f1xx_hal_gpio.o
    0x08001980   0x08001980   0x0000000a   Code   RO         2086    i.HAL_GPIO_WritePin  stm32f1xx_hal_gpio.o
    0x0800198a   0x0800198a   0x00000002   PAD
    0x0800198c   0x0800198c   0x0000000c   Code   RO         1790    i.HAL_GetTick       stm32f1xx_hal.o
    0x08001998   0x08001998   0x00000010   Code   RO         1794    i.HAL_IncTick       stm32f1xx_hal.o
    0x080019a8   0x080019a8   0x00000024   Code   RO         1795    i.HAL_Init          stm32f1xx_hal.o
    0x080019cc   0x080019cc   0x00000040   Code   RO         1796    i.HAL_InitTick      stm32f1xx_hal.o
    0x08001a0c   0x08001a0c   0x0000003c   Code   RO          341    i.HAL_MspInit       stm32f1xx_hal_msp.o
    0x08001a48   0x08001a48   0x00000016   Code   RO         2242    i.HAL_NVIC_EnableIRQ  stm32f1xx_hal_cortex.o
    0x08001a5e   0x08001a5e   0x00000002   PAD
    0x08001a60   0x08001a60   0x00000040   Code   RO         2248    i.HAL_NVIC_SetPriority  stm32f1xx_hal_cortex.o
    0x08001aa0   0x08001aa0   0x00000024   Code   RO         2249    i.HAL_NVIC_SetPriorityGrouping  stm32f1xx_hal_cortex.o
    0x08001ac4   0x08001ac4   0x0000016c   Code   RO         1942    i.HAL_RCC_ClockConfig  stm32f1xx_hal_rcc.o
    0x08001c30   0x08001c30   0x0000000c   Code   RO         1947    i.HAL_RCC_GetHCLKFreq  stm32f1xx_hal_rcc.o
    0x08001c3c   0x08001c3c   0x00000020   Code   RO         1949    i.HAL_RCC_GetPCLK1Freq  stm32f1xx_hal_rcc.o
    0x08001c5c   0x08001c5c   0x00000020   Code   RO         1950    i.HAL_RCC_GetPCLK2Freq  stm32f1xx_hal_rcc.o
    0x08001c7c   0x08001c7c   0x0000006c   Code   RO         1951    i.HAL_RCC_GetSysClockFreq  stm32f1xx_hal_rcc.o
    0x08001ce8   0x08001ce8   0x00000304   Code   RO         1954    i.HAL_RCC_OscConfig  stm32f1xx_hal_rcc.o
    0x08001fec   0x08001fec   0x00000082   Code   RO         1393    i.HAL_SPI_Init      stm32f1xx_hal_spi_ex.o
    0x0800206e   0x0800206e   0x00000002   PAD
    0x08002070   0x08002070   0x00000070   Code   RO          170    i.HAL_SPI_MspInit   spi.o
    0x080020e0   0x080020e0   0x000001d8   Code   RO         1090    i.HAL_SPI_TransmitReceive  stm32f1xx_hal_spi.o
    0x080022b8   0x080022b8   0x00000028   Code   RO         2253    i.HAL_SYSTICK_Config  stm32f1xx_hal_cortex.o
    0x080022e0   0x080022e0   0x00000002   Code   RO         1474    i.HAL_UART_ErrorCallback  stm32f1xx_hal_uart.o
    0x080022e2   0x080022e2   0x00000002   PAD
    0x080022e4   0x080022e4   0x00000110   Code   RO         1477    i.HAL_UART_IRQHandler  stm32f1xx_hal_uart.o
    0x080023f4   0x080023f4   0x00000062   Code   RO         1478    i.HAL_UART_Init     stm32f1xx_hal_uart.o
    0x08002456   0x08002456   0x00000002   PAD
    0x08002458   0x08002458   0x00000080   Code   RO          212    i.HAL_UART_MspInit  usart.o
    0x080024d8   0x080024d8   0x00000052   Code   RO         1483    i.HAL_UART_Receive_IT  stm32f1xx_hal_uart.o
    0x0800252a   0x0800252a   0x00000002   PAD
    0x0800252c   0x0800252c   0x00000028   Code   RO          615    i.HAL_UART_RxCpltCallback  at86rf212b_hal.o
    0x08002554   0x08002554   0x000000ba   Code   RO         1486    i.HAL_UART_Transmit  stm32f1xx_hal_uart.o
    0x0800260e   0x0800260e   0x00000002   Code   RO         1489    i.HAL_UART_TxCpltCallback  stm32f1xx_hal_uart.o
    0x08002610   0x08002610   0x00000002   Code   RO          261    i.HardFault_Handler  stm32f1xx_it.o
    0x08002612   0x08002612   0x00000002   PAD
    0x08002614   0x08002614   0x0000000c   Code   RO          781    i.IsLogging         errorsandlogging.o
    0x08002620   0x08002620   0x00000018   Code   RO          433    i.IsStateTxBusy     at86rf212b.o
    0x08002638   0x08002638   0x00000016   Code   RO          782    i.LOG               errorsandlogging.o
    0x0800264e   0x0800264e   0x00000002   PAD
    0x08002650   0x08002650   0x00000068   Code   RO          915    i.ListCommands      terminal.o
    0x080026b8   0x080026b8   0x00000100   Code   RO          145    i.MX_GPIO_Init      gpio.o
    0x080027b8   0x080027b8   0x00000048   Code   RO          171    i.MX_SPI1_Init      spi.o
    0x08002800   0x08002800   0x00000038   Code   RO          213    i.MX_USART2_UART_Init  usart.o
    0x08002838   0x08002838   0x0000000c   Code   RO          827    i.MainControllerGetMode  maincontroller.o
    0x08002844   0x08002844   0x0000002c   Code   RO          828    i.MainControllerLoop  maincontroller.o
    0x08002870   0x08002870   0x00000030   Code   RO          829    i.MainControllerOpen  maincontroller.o
    0x080028a0   0x080028a0   0x0000000c   Code   RO          830    i.MainControllerSetMode  maincontroller.o
    0x080028ac   0x080028ac   0x00000002   Code   RO          262    i.MemManage_Handler  stm32f1xx_it.o
    0x080028ae   0x080028ae   0x00000002   Code   RO          263    i.NMI_Handler       stm32f1xx_it.o
    0x080028b0   0x080028b0   0x00000020   Code   RO         2255    i.NVIC_SetPriority  stm32f1xx_hal_cortex.o
    0x080028d0   0x080028d0   0x00000002   Code   RO          264    i.PendSV_Handler    stm32f1xx_it.o
    0x080028d2   0x080028d2   0x00000002   PAD
    0x080028d4   0x080028d4   0x0000000c   Code   RO          709    i.PopFromInputBuffer  buffer.o
    0x080028e0   0x080028e0   0x0000000c   Code   RO          710    i.PopFromRxBuffer   buffer.o
    0x080028ec   0x080028ec   0x0000000c   Code   RO          711    i.PopFromTxBuffer   buffer.o
    0x080028f8   0x080028f8   0x00000420   Code   RO          712    i.PushToInputBuffer  buffer.o
    0x08002d18   0x08002d18   0x00000404   Code   RO          714    i.PushToTxBuffer    buffer.o
    0x0800311c   0x0800311c   0x00000170   Code   RO          868    i.RawModeMain       rawmode.o
    0x0800328c   0x0800328c   0x00000026   Code   RO          869    i.RawModeOpen       rawmode.o
    0x080032b2   0x080032b2   0x00000006   Code   RO          916    i.RawModeRx         terminal.o
    0x080032b8   0x080032b8   0x00000006   Code   RO          917    i.RawModeRxTx       terminal.o
    0x080032be   0x080032be   0x00000006   Code   RO          918    i.RawModeTx         terminal.o
    0x080032c4   0x080032c4   0x00000004   Code   RO          919    i.ReadFrame         terminal.o
    0x080032c8   0x080032c8   0x00000002   Code   RO          616    i.ReadInputHAL      at86rf212b_hal.o
    0x080032ca   0x080032ca   0x00000002   PAD
    0x080032cc   0x080032cc   0x00000034   Code   RO          920    i.ReadRegister      terminal.o
    0x08003300   0x08003300   0x00000020   Code   RO         1105    i.SPI_CheckFlag_BSY  stm32f1xx_hal_spi.o
    0x08003320   0x08003320   0x00000096   Code   RO         1124    i.SPI_WaitFlagStateUntilTimeout  stm32f1xx_hal_spi.o
    0x080033b6   0x080033b6   0x00000002   Code   RO          265    i.SVC_Handler       stm32f1xx_it.o
    0x080033b8   0x080033b8   0x0000000c   Code   RO          715    i.SetEchoInput      buffer.o
    0x080033c4   0x080033c4   0x0000009c   Code   RO          434    i.StateChangeCheck  at86rf212b.o
    0x08003460   0x08003460   0x00000004   Code   RO          266    i.SysTick_Handler   stm32f1xx_it.o
    0x08003464   0x08003464   0x0000005a   Code   RO            5    i.SystemClock_Config  main.o
    0x080034be   0x080034be   0x00000002   PAD
    0x080034c0   0x080034c0   0x00000048   Code   RO          373    i.SystemInit        system_stm32f1xx.o
    0x08003508   0x08003508   0x0000000e   Code   RO          922    i.TerminalMain      terminal.o
    0x08003516   0x08003516   0x00000002   PAD
    0x08003518   0x08003518   0x00000068   Code   RO          923    i.TerminalOpen      terminal.o
    0x08003580   0x08003580   0x000001e8   Code   RO          924    i.TerminalRead      terminal.o
    0x08003768   0x08003768   0x00000014   Code   RO          925    i.TerminalWrite     terminal.o
    0x0800377c   0x0800377c   0x00000044   Code   RO          926    i.TestBit           terminal.o
    0x080037c0   0x080037c0   0x00000004   Code   RO          927    i.ToggelDebug       terminal.o
    0x080037c4   0x080037c4   0x00000014   Code   RO          783    i.ToggleLogging     errorsandlogging.o
    0x080037d8   0x080037d8   0x00000010   Code   RO         1491    i.UART_DMAAbortOnError  stm32f1xx_hal_uart.o
    0x080037e8   0x080037e8   0x0000001c   Code   RO         1501    i.UART_EndRxTransfer  stm32f1xx_hal_uart.o
    0x08003804   0x08003804   0x00000096   Code   RO         1503    i.UART_Receive_IT   stm32f1xx_hal_uart.o
    0x0800389a   0x0800389a   0x00000002   PAD
    0x0800389c   0x0800389c   0x00000170   Code   RO         1504    i.UART_SetConfig    stm32f1xx_hal_uart.o
    0x08003a0c   0x08003a0c   0x00000062   Code   RO         1505    i.UART_Transmit_IT  stm32f1xx_hal_uart.o
    0x08003a6e   0x08003a6e   0x00000064   Code   RO         1506    i.UART_WaitOnFlagUntilTimeout  stm32f1xx_hal_uart.o
    0x08003ad2   0x08003ad2   0x00000002   PAD
    0x08003ad4   0x08003ad4   0x0000000c   Code   RO          267    i.USART2_IRQHandler  stm32f1xx_it.o
    0x08003ae0   0x08003ae0   0x00000014   Code   RO          435    i.UpdateState       at86rf212b.o
    0x08003af4   0x08003af4   0x00000002   Code   RO          268    i.UsageFault_Handler  stm32f1xx_it.o
    0x08003af6   0x08003af6   0x00000002   PAD
    0x08003af8   0x08003af8   0x00000048   Code   RO          928    i.WriteRegister     terminal.o
    0x08003b40   0x08003b40   0x00000014   Code   RO          617    i.WriteToOutputHAL  at86rf212b_hal.o
    0x08003b54   0x08003b54   0x00000020   Code   RO         2893    i.__0printf$8       mc_w.l(printf8.o)
    0x08003b74   0x08003b74   0x00000028   Code   RO         2895    i.__0sprintf$8      mc_w.l(printf8.o)
    0x08003b9c   0x08003b9c   0x00000008   Code   RO         2998    i.__aeabi_errno_addr  mc_w.l(errno.o)
    0x08003ba4   0x08003ba4   0x0000000e   Code   RO         3030    i.__scatterload_copy  mc_w.l(handlers.o)
    0x08003bb2   0x08003bb2   0x00000002   Code   RO         3031    i.__scatterload_null  mc_w.l(handlers.o)
    0x08003bb4   0x08003bb4   0x0000000e   Code   RO         3032    i.__scatterload_zeroinit  mc_w.l(handlers.o)
    0x08003bc2   0x08003bc2   0x00000002   PAD
    0x08003bc4   0x08003bc4   0x00000410   Code   RO         2900    i._printf_core      mc_w.l(printf8.o)
    0x08003fd4   0x08003fd4   0x00000024   Code   RO         2901    i._printf_post_padding  mc_w.l(printf8.o)
    0x08003ff8   0x08003ff8   0x0000002e   Code   RO         2902    i._printf_pre_padding  mc_w.l(printf8.o)
    0x08004026   0x08004026   0x0000000a   Code   RO         2904    i._sputc            mc_w.l(printf8.o)
    0x08004030   0x08004030   0x00000018   Code   RO          214    i.fputc             usart.o
    0x08004048   0x08004048   0x0000006c   Code   RO            6    i.main              main.o
    0x080040b4   0x080040b4   0x00000028   Code   RO          716    i.popFromBuffer     buffer.o
    0x080040dc   0x080040dc   0x00000034   Code   RO          717    i.pushToBuffer      buffer.o
    0x08004110   0x08004110   0x00000010   Data   RO          374    .constdata          system_stm32f1xx.o
    0x08004120   0x08004120   0x00000008   Data   RO          375    .constdata          system_stm32f1xx.o
    0x08004128   0x08004128   0x0000000c   Data   RO          437    .constdata          at86rf212b.o
    0x08004134   0x08004134   0x000000a8   Data   RO          930    .constdata          terminal.o
    0x080041dc   0x080041dc   0x00000081   Data   RO         2971    .constdata          mc_w.l(ctype_o.o)
    0x0800425d   0x0800425d   0x00000003   PAD
    0x08004260   0x08004260   0x00000004   Data   RO         2972    .constdata          mc_w.l(ctype_o.o)
    0x08004264   0x08004264   0x00000149   Data   RO          931    .conststring        terminal.o
    0x080043ad   0x080043ad   0x00000003   PAD
    0x080043b0   0x080043b0   0x00000020   Data   RO         3028    Region$$Table       anon$$obj.o


    Execution Region RW_IRAM1 (Exec base: 0x20000000, Load base: 0x080043d0, Size: 0x00000700, Max: 0x00005000, ABSOLUTE)

    Exec Addr    Load Addr    Size         Type   Attr      Idx    E Section Name        Object

    0x20000000   0x080043d0   0x00000001   Data   RW            7    .data               main.o
    0x20000001   0x080043d1   0x00000003   PAD
    0x20000004   0x080043d4   0x00000004   Data   RW          376    .data               system_stm32f1xx.o
    0x20000008   0x080043d8   0x00000004   Data   RW          438    .data               at86rf212b.o
    0x2000000c   0x080043dc   0x00000004   Data   RW          619    .data               at86rf212b_hal.o
    0x20000010   0x080043e0   0x00000001   Data   RW          719    .data               buffer.o
    0x20000011   0x080043e1   0x00000001   Data   RW          784    .data               errorsandlogging.o
    0x20000012   0x080043e2   0x00000001   Data   RW          831    .data               maincontroller.o
    0x20000013   0x080043e3   0x00000001   PAD
    0x20000014   0x080043e4   0x00000006   Data   RW          871    .data               rawmode.o
    0x2000001a   0x080043ea   0x00000001   Data   RW          932    .data               terminal.o
    0x2000001b   0x080043eb   0x00000001   PAD
    0x2000001c   0x080043ec   0x0000000c   Data   RW         1802    .data               stm32f1xx_hal.o
    0x20000028   0x080043f8   0x00000004   Data   RW         2965    .data               mc_w.l(stdout.o)
    0x2000002c   0x080043fc   0x00000004   Data   RW         3001    .data               mc_w.l(errno.o)
    0x20000030        -       0x00000058   Zero   RW          172    .bss                spi.o
    0x20000088        -       0x00000040   Zero   RW          215    .bss                usart.o
    0x200000c8        -       0x00000028   Zero   RW          436    .bss                at86rf212b.o
    0x200000f0        -       0x00000058   Zero   RW          618    .bss                at86rf212b_hal.o
    0x20000148        -       0x0000018c   Zero   RW          718    .bss                buffer.o
    0x200002d4        -       0x0000000a   Zero   RW          870    .bss                rawmode.o
    0x200002de        -       0x00000020   Zero   RW          929    .bss                terminal.o
    0x200002fe   0x08004400   0x00000002   PAD
    0x20000300        -       0x00000400   Zero   RW          362    STACK               startup_stm32f103xb.o


==============================================================================

Image component sizes


      Code (inc. data)   RO Data    RW Data    ZI Data      Debug   Object Name

      4526       1388         12          4         40      19789   at86rf212b.o
       442        118          0          4         88       6347   at86rf212b_hal.o
      2278         30          0          1        396       5793   buffer.o
       142         44          0          1          0       3500   errorsandlogging.o
       256         18          0          0          0        963   gpio.o
       200         28          0          1          0     413117   main.o
       116         20          0          1          0       2246   maincontroller.o
       406         54          0          6         10       1360   rawmode.o
       184         24          0          0         88       1621   spi.o
        36          8        236          0       1024        768   startup_stm32f103xb.o
       164         28          0         12          0       6289   stm32f1xx_hal.o
       194         14          0          0          0      26275   stm32f1xx_hal_cortex.o
       152          4          0          0          0       1255   stm32f1xx_hal_dma.o
       462         36          0          0          0       3709   stm32f1xx_hal_gpio.o
        60          8          0          0          0        850   stm32f1xx_hal_msp.o
      1320        104          0          0          0       6068   stm32f1xx_hal_rcc.o
       654          0          0          0          0       3874   stm32f1xx_hal_spi.o
       130          0          0          0          0       1219   stm32f1xx_hal_spi_ex.o
      1402         10          0          0          0       9995   stm32f1xx_hal_uart.o
        32          6          0          0          0       4234   stm32f1xx_it.o
        72         16         24          4          0       1219   system_stm32f1xx.o
       990        234        497          1         32       9661   terminal.o
       208         26          0          0         64       2214   usart.o

    ----------------------------------------------------------------------
     14462       2218        804         40       1744     532366   Object Totals
         0          0         32          0          0          0   (incl. Generated)
        36          0          3          5          2          0   (incl. Padding)

    ----------------------------------------------------------------------

      Code (inc. data)   RO Data    RW Data    ZI Data      Debug   Library Member Name

        28          0          0          0          0         68   _chval.o
       158          0          0          0          0         92   _strtoul.o
        26          0          0          0          0         80   atoi.o
         8          4        133          0          0         68   ctype_o.o
         0          0          0          0          0          0   entry.o
         0          0          0          0          0          0   entry10a.o
         0          0          0          0          0          0   entry11a.o
         8          4          0          0          0          0   entry2.o
         4          0          0          0          0          0   entry5.o
         0          0          0          0          0          0   entry7b.o
         0          0          0          0          0          0   entry8b.o
         8          4          0          0          0          0   entry9a.o
         8          4          0          4          0         68   errno.o
        30          0          0          0          0          0   handlers.o
        36          8          0          0          0         68   init.o
        30          0          0          0          0         68   llshl.o
        32          0          0          0          0         68   llushr.o
        36          0          0          0          0         68   memcpya.o
        36          0          0          0          0        108   memseta.o
      1204         60          0          0          0        504   printf8.o
         0          0          0          4          0          0   stdout.o
        28          0          0          0          0         76   strcmp.o
        18          0          0          0          0         68   strcpy.o
        14          0          0          0          0         68   strlen.o
        30          0          0          0          0         80   strncmp.o
       112          0          0          0          0         88   strtol.o
        98          0          0          0          0         92   uldiv.o

    ----------------------------------------------------------------------
      1958         84        136          8          0       1732   Library Totals
         6          0          3          0          0          0   (incl. Padding)

    ----------------------------------------------------------------------

      Code (inc. data)   RO Data    RW Data    ZI Data      Debug   Library Name

      1952         84        133          8          0       1732   mc_w.l

    ----------------------------------------------------------------------
      1958         84        136          8          0       1732   Library Totals

    ----------------------------------------------------------------------

==============================================================================


      Code (inc. data)   RO Data    RW Data    ZI Data      Debug   

     16420       2302        940         48       1744     526970   Grand Totals
     16420       2302        940         48       1744     526970   ELF Image Totals
     16420       2302        940         48          0          0   ROM Totals

==============================================================================

    Total RO  Size (Code + RO Data)                17360 (  16.95kB)
    Total RW  Size (RW Data + ZI Data)              1792 (   1.75kB)
    Total ROM Size (Code + RO Data + RW Data)      17408 (  17.00kB)

==============================================================================

